        SIZE NAME
         462 README.TXT
          46 git-rev
       25386 app.toml
        2032 chip.toml
      249924 elf/task/jefe
     1695108 elf/task/net
      223500 elf/task/sys
      332332 elf/task/spi4_driver
      335300 elf/task/spi2_driver
      356932 elf/task/i2c_driver
      344372 elf/task/spd
     1123544 elf/task/thermal
     1039368 elf/task/power
      407748 elf/task/hiffy
     1099808 elf/task/gimlet_seq
      312800 elf/task/hash_driver
      342616 elf/task/hf
      249452 elf/task/update_server
      128988 elf/task/sensor
      464172 elf/task/host_sp_comms
      186004 elf/task/udpecho
      163364 elf/task/udpbroadcast
      218988 elf/task/udprpc
      867676 elf/task/control_plane_agent
      938472 elf/task/validate
      894300 elf/task/vpd
       28696 elf/task/idle
      554276 elf/kernel
     1236877 img/combined.srec
      600940 img/combined.elf
     1688400 img/combined.ihex
      600192 img/combined.bin
     1236877 img/final.srec
      600940 img/final.elf
     1688400 img/final.ihex
      600192 img/final.bin
        1898 img/flash.ron
        1293 debug/script.gdb
        1586 debug/openocd.cfg
         235 debug/openocd.gdb
