        SIZE NAME
         405 README.TXT
          46 git-rev
       10153 app.toml
      185756 elf/task/jefe
      197276 elf/task/rcc_driver
      209772 elf/task/gpio_driver
      290436 elf/task/spi4_driver
      292608 elf/task/spi2_driver
      324372 elf/task/i2c_driver
      302200 elf/task/spd
      369372 elf/task/thermal
      331356 elf/task/hiffy
      418656 elf/task/gimlet_seq
      274424 elf/task/hf
       17584 elf/task/idle
      531224 elf/kernel
        1321 info/allocations.txt
        1987 info/map.txt
      392748 img/combined.srec
      191240 img/combined.elf
      535933 img/combined.ihex
      311384 img/combined.bin
