        SIZE NAME
         405 README.TXT
          46 git-rev
       15815 app.toml
        1834 stm32h7.toml
      196396 elf/task/jefe
     1362760 elf/task/net
      208376 elf/task/sys
      302748 elf/task/spi4_driver
      306324 elf/task/spi2_driver
      316568 elf/task/i2c_driver
      291932 elf/task/spd
      368632 elf/task/thermal
      352784 elf/task/power
      332840 elf/task/hiffy
      439216 elf/task/gimlet_seq
      286196 elf/task/hf
      103612 elf/task/sensor
      152836 elf/task/udpecho
      290556 elf/task/validate
       17500 elf/task/idle
      545212 elf/kernel
        1753 info/allocations.txt
        2795 info/map.txt
      582303 img/combined.srec
      283408 img/combined.elf
      794677 img/combined.ihex
      436312 img/combined.bin
      582303 img/final.srec
      283408 img/final.elf
      794677 img/final.ihex
      436312 img/final.bin
        1755 img/flash.ron
