humility: attached to dump
humility: stack unwind failed: Do not have unwind info for the given address.
