ID TASK                STACKBASE  STACKSIZE   MAXDEPTH     MARGIN
 1 net                0x24008000       6040       4336       1704
