humility: ring buffer drv_gimlet_seq_server::__RINGBUF in gimlet_seq:
 NDX LINE      GEN    COUNT PAYLOAD
   1  134        1        1 Ice40PowerGoodV1P2(true)
   2  155        1        1 Ice40PowerGoodV3P3(true)
   3  223        1        1 Reprogram(true)
   4  237        1        1 Programming
   5  260        1        1 Programmed
   6  263        1        1 RailsOff
   7  266        1        1 Ident(0x55aade01)
   8  272        1        1 A1Status(0x0)
   9  281        1        1 A2
  10  290        1        1 Done
  11  305        1        1 GetState
  12  290        1        1 Done
  13  314        1        1 SetState(A2, A0)
  14  337        1        2 A1Power(0x2, 0x0)
  15  337        1      191 A1Power(0x3, 0x0)
  16  337        1       16 A1Power(0x5, 0x0)
  17  337        1       35 A1Power(0x5, 0x1)
  18  337        1        1 A1Power(0x5, 0x4)
  19  337        1        3 A1Power(0x5, 0x6)
  20  337        1        1 A1Power(0x5, 0x7)
  21  350        1        1 RailsOn
  22  359        1        1 A0Power(0x7)
  23  359        1        1 A0Power(0x8)
  24  359        1       19 A0Power(0xa)
  25  359        1        6 A0Power(0xb)
  26  359        1        1 A0Power(0xc)
  27  290        1        1 Done
  28  314        1        1 SetState(A0, A2)
  29  384        1        1 A2
  30  290        1        1 Done
  31  314        1        1 SetState(A2, A0)
  32  337        1        2 A1Power(0x2, 0x0)
  33  337        1      195 A1Power(0x3, 0x0)
  34  337        1       12 A1Power(0x5, 0x0)
  35  337        1       40 A1Power(0x5, 0x1)
  36  337        1        3 A1Power(0x5, 0x6)
  37  337        1        1 A1Power(0x5, 0x7)
  38  350        1        1 RailsOn
  39  359        1        1 A0Power(0x7)
  40  359        1        1 A0Power(0x8)
  41  359        1       19 A0Power(0xa)
  42  359        1        6 A0Power(0xb)
  43  359        1        1 A0Power(0xc)
  44  290        1        1 Done
  45  314        1        1 SetState(A0, A2)
  46  384        1        1 A2
  47  290        1        1 Done
  48  305        1        1 GetState
  49  290        1        1 Done
  50  314        1        1 SetState(A2, A0)
  51  337        1        2 A1Power(0x2, 0x0)
  52  337        1      191 A1Power(0x3, 0x0)
  53  337        1       16 A1Power(0x5, 0x0)
  54  337        1       36 A1Power(0x5, 0x1)
  55  337        1        1 A1Power(0x5, 0x4)
  56  337        1        2 A1Power(0x5, 0x6)
  57  337        1        1 A1Power(0x5, 0x7)
  58  350        1        1 RailsOn
  59  359        1        1 A0Power(0x7)
  60  359        1        1 A0Power(0x8)
  61  359        1       19 A0Power(0xa)
  62  359        1        6 A0Power(0xb)
  63  359        1        1 A0Power(0xc)
   0  290        2        1 Done
humility: ring buffer drv_i2c_devices::max31790::__RINGBUF in thermal:
 NDX LINE      GEN    COUNT PAYLOAD
   0  250        1        1 Read(GlobalConfiguration, 0x27)
   1  250        1        1 Read(Fan1Configuration, 0x28)
   2  295        1        1 Write(Fan1Configuration, 0x28)
   3  295        1        1 Write(PWMOut1TargetDutyCycleMSB, 0x0)
   4  250        1        1 Read(Fan2Configuration, 0x28)
   5  295        1        1 Write(Fan2Configuration, 0x28)
   6  295        1        1 Write(PWMOut2TargetDutyCycleMSB, 0x0)
   7  250        1        1 Read(Fan3Configuration, 0x28)
   8  295        1        1 Write(Fan3Configuration, 0x28)
   9  295        1        1 Write(PWMOut3TargetDutyCycleMSB, 0x0)
  10  250        1        1 Read(Fan4Configuration, 0x28)
  11  295        1        1 Write(Fan4Configuration, 0x28)
  12  295        1        1 Write(PWMOut4TargetDutyCycleMSB, 0x0)
  13  250        1        1 Read(Fan5Configuration, 0x28)
  14  295        1        1 Write(Fan5Configuration, 0x28)
  15  295        1        1 Write(PWMOut5TargetDutyCycleMSB, 0x0)
  16  250        1        1 Read(Fan6Configuration, 0x28)
  17  295        1        1 Write(Fan6Configuration, 0x28)
  18  295        1        1 Write(PWMOut6TargetDutyCycleMSB, 0x0)
humility: ring buffer drv_stm32h7_i2c::__RINGBUF in i2c_driver:
 NDX LINE      GEN    COUNT PAYLOAD
  28  358     4839        1 WaitISR(0x21)
  29  444     4839        1 WriteISR(0x21)
  30  444     4839        2 WriteISR(0x8021)
  31  444     4839        1 WriteISR(0x8023)
  32  482     4839        1 WriteWaitISR(0x8020)
  33  482     4839        2 WriteWaitISR(0x8021)
  34  482     4839        1 WriteWaitISR(0x8061)
  35  552     4839        2 ReadISR(0x8021)
  36  552     4839        1 ReadISR(0x8025)
  37  552     4839        2 ReadISR(0x8021)
  38  552     4839        1 ReadISR(0x8025)
  39  595     4839        2 ReadWaitISR(0x8021)
  40  595     4839        1 ReadWaitISR(0x8061)
  41  358     4839        1 WaitISR(0x21)
  42  444     4839        1 WriteISR(0x21)
  43  444     4839        2 WriteISR(0x8021)
  44  444     4839        1 WriteISR(0x8023)
  45  482     4839        1 WriteWaitISR(0x8020)
  46  482     4839        2 WriteWaitISR(0x8021)
  47  482     4839        1 WriteWaitISR(0x8061)
   0  552     4840        2 ReadISR(0x8021)
   1  552     4840        1 ReadISR(0x8025)
   2  552     4840        2 ReadISR(0x8021)
   3  552     4840        1 ReadISR(0x8025)
   4  595     4840        2 ReadWaitISR(0x8021)
   5  595     4840        1 ReadWaitISR(0x8061)
   6  358     4840        1 WaitISR(0x21)
   7  444     4840        1 WriteISR(0x21)
   8  444     4840        2 WriteISR(0x8021)
   9  444     4840        1 WriteISR(0x8023)
  10  482     4840        1 WriteWaitISR(0x8020)
  11  482     4840        2 WriteWaitISR(0x8021)
  12  482     4840        1 WriteWaitISR(0x8061)
  13  552     4840        2 ReadISR(0x8021)
  14  552     4840        1 ReadISR(0x8025)
  15  595     4840        2 ReadWaitISR(0x8021)
  16  595     4840        1 ReadWaitISR(0x8061)
  17  358     4840        1 WaitISR(0x21)
  18  444     4840        2 WriteISR(0x21)
  19  444     4840        1 WriteISR(0x8021)
  20  444     4840        1 WriteISR(0x8023)
  21  482     4840        1 WriteWaitISR(0x8020)
  22  482     4840        2 WriteWaitISR(0x8021)
  23  482     4840        1 WriteWaitISR(0x8061)
  24  552     4840        2 ReadISR(0x8021)
  25  552     4840        1 ReadISR(0x8025)
  26  595     4840        2 ReadWaitISR(0x8021)
  27  595     4840        1 ReadWaitISR(0x8061)
humility: ring buffer drv_stm32h7_i2c::__RINGBUF in spd:
 NDX LINE      GEN    COUNT PAYLOAD
  13  849    64115        1 TxISR(0x6c0201)
  14  902    64115        1 WaitTx
  15  849    64115        1 TxISR(0x6c0201)
  16  902    64115        1 WaitTx
  17  849    64115        1 TxISR(0x6c0201)
  18  902    64115        1 WaitTx
  19  849    64115        1 TxISR(0x6c0201)
  20  902    64115        1 WaitTx
  21  849    64115        1 TxISR(0x6c0201)
  22  902    64115        1 WaitTx
  23  849    64115        1 TxISR(0x6c0201)
  24  902    64115        1 WaitTx
  25  849    64115        1 TxISR(0x6c0201)
  26  902    64115        1 WaitTx
  27  849    64115        1 TxISR(0x6c0201)
  28  902    64115        1 WaitTx
  29  849    64115        1 TxISR(0x6c0201)
  30  902    64115        1 WaitTx
  31  849    64115        1 TxISR(0x6c0201)
  32  902    64115        1 WaitTx
  33  849    64115        1 TxISR(0x6c0201)
  34  902    64115        1 WaitTx
  35  849    64115        1 TxISR(0x6c0201)
  36  902    64115        1 WaitTx
  37  849    64115        1 TxISR(0x6c0201)
  38  902    64115        1 WaitTx
  39  849    64115        1 TxISR(0x6c0201)
  40  902    64115        1 WaitTx
  41  849    64115        1 TxISR(0x6c0201)
  42  902    64115        1 WaitTx
  43  849    64115        1 TxISR(0x6c0201)
  44  902    64115        1 WaitTx
  45  849    64115        1 TxISR(0x6c0201)
  46  902    64115        1 WaitTx
  47  849    64115        1 TxISR(0x6c0201)
   0  902    64116        1 WaitTx
   1  849    64116        1 TxISR(0x6c0201)
   2  902    64116        1 WaitTx
   3  849    64116        1 TxISR(0x6c0201)
   4  902    64116        1 WaitTx
   5  849    64116        1 TxISR(0x6c0201)
   6  902    64116        1 WaitTx
   7  849    64116        1 TxISR(0x6c0201)
   8  902    64116        1 WaitTx
   9  849    64116        1 TxISR(0x6c0201)
  10  902    64116        1 WaitTx
  11  849    64116        1 TxISR(0x6c0201)
  12  902    64116        1 WaitTx
humility: ring buffer drv_stm32h7_i2c_server::__RINGBUF in i2c_driver:
 NDX LINE      GEN    COUNT PAYLOAD
   0  117        1     2705 Some(NoDevice)
   1  117        1        1 Some(BusLocked)
   2  117        1       39 Some(NoDevice)
humility: ring buffer drv_stm32h7_spi_server::__RINGBUF in spi4_driver:
humility: ring buffer drv_stm32h7_spi_server::__RINGBUF in spi2_driver:
 NDX LINE      GEN    COUNT PAYLOAD
   1  381     2554        1 Tx(0x1, 0x0)
   2  381     2554        1 Tx(0x2, 0xb)
   3  381     2554        1 Tx(0x3, 0x0)
   4  381     2554        1 Tx(0x4, 0x0)
   5  381     2554        1 Tx(0x5, 0x0)
   6  381     2554        1 Tx(0x6, 0x0)
   7  381     2554        1 Tx(0x7, 0x0)
   8  381     2554        1 Tx(0x8, 0x0)
   9  381     2554        1 Tx(0x9, 0x0)
  10  381     2554        1 Tx(0xa, 0x0)
  11  381     2554        1 Tx(0xb, 0x0)
  12  381     2554        1 Tx(0xc, 0x0)
  13  381     2554        1 Tx(0xd, 0x0)
  14  381     2554        1 Tx(0xe, 0x0)
  15  381     2554        1 Tx(0xf, 0x0)
  16  407     2554        1 Rx(0x0, 0x0)
  17  407     2554        1 Rx(0x1, 0x0)
  18  407     2554        1 Rx(0x2, 0x0)
  19  407     2554        1 Rx(0x3, 0xb)
  20  407     2554        1 Rx(0x4, 0x1c)
  21  407     2554        1 Rx(0x5, 0xf)
  22  407     2554        1 Rx(0x6, 0xc)
  23  407     2554        1 Rx(0x7, 0xff)
  24  407     2554        1 Rx(0x8, 0x0)
  25  407     2554        1 Rx(0x9, 0x55)
  26  407     2554        1 Rx(0xa, 0x3)
  27  407     2554        1 Rx(0xb, 0x1e)
  28  407     2554        1 Rx(0xc, 0xff)
  29  407     2554        1 Rx(0xd, 0xff)
  30  407     2554        1 Rx(0xe, 0xff)
  31  407     2554        1 Rx(0xf, 0x6)
  32  297     2554        1 Start(exchange, (0x10, 0x10))
  33  381     2554        1 Tx(0x0, 0x1)
  34  381     2554        1 Tx(0x1, 0x0)
  35  381     2554        1 Tx(0x2, 0xb)
  36  381     2554        1 Tx(0x3, 0x0)
  37  381     2554        1 Tx(0x4, 0x0)
  38  381     2554        1 Tx(0x5, 0x0)
  39  381     2554        1 Tx(0x6, 0x0)
  40  381     2554        1 Tx(0x7, 0x0)
  41  381     2554        1 Tx(0x8, 0x0)
  42  381     2554        1 Tx(0x9, 0x0)
  43  381     2554        1 Tx(0xa, 0x0)
  44  381     2554        1 Tx(0xb, 0x0)
  45  381     2554        1 Tx(0xc, 0x0)
  46  381     2554        1 Tx(0xd, 0x0)
  47  381     2554        1 Tx(0xe, 0x0)
  48  381     2554        1 Tx(0xf, 0x0)
  49  407     2554        1 Rx(0x0, 0x0)
  50  407     2554        1 Rx(0x1, 0x0)
  51  407     2554        1 Rx(0x2, 0x0)
  52  407     2554        1 Rx(0x3, 0xc)
  53  407     2554        1 Rx(0x4, 0x1c)
  54  407     2554        1 Rx(0x5, 0xf)
  55  407     2554        1 Rx(0x6, 0x4)
  56  407     2554        1 Rx(0x7, 0xff)
  57  407     2554        1 Rx(0x8, 0x0)
  58  407     2554        1 Rx(0x9, 0x55)
  59  407     2554        1 Rx(0xa, 0x3)
  60  407     2554        1 Rx(0xb, 0x1e)
  61  407     2554        1 Rx(0xc, 0xff)
  62  407     2554        1 Rx(0xd, 0xff)
  63  407     2554        1 Rx(0xe, 0xff)
   0  407     2555        1 Rx(0xf, 0x6)
humility: ring buffer task_hiffy::stm32h7::__RINGBUF in hiffy:
 NDX LINE      GEN    COUNT PAYLOAD
  51  577      565        1 Execute((0x1a, Call(TargetFunction(0x1))))
  52  577      565        1 Execute((0x1c, DropN(0x8)))
  53  577      565        1 Execute((0x1e, Push32(0x7)))
  54  577      565        1 Execute((0x23, Push16(0x1)))
  55  577      565        1 Execute((0x26, Push(0x1)))
  56  577      565        1 Execute((0x28, Push(0x0)))
  57  577      565        1 Execute((0x2a, Push(0x0)))
  58  577      565        1 Execute((0x2c, Push(0x0)))
  59  577      565        1 Execute((0x2e, Push32(0x4)))
  60  577      565        1 Execute((0x33, Push32(0x4)))
  61  577      565        1 Execute((0x38, Call(TargetFunction(0x1))))
  62  577      565        1 Execute((0x3a, DropN(0x8)))
  63  577      565        1 Execute((0x3c, Push32(0x7)))
   0  577      566        1 Execute((0x41, Push16(0x1)))
   1  577      566        1 Execute((0x44, Push(0x2)))
   2  577      566        1 Execute((0x46, Push(0x0)))
   3  577      566        1 Execute((0x48, Push(0x0)))
   4  577      566        1 Execute((0x4a, Push(0x0)))
   5  577      566        1 Execute((0x4c, Push32(0x4)))
   6  577      566        1 Execute((0x51, Push32(0x4)))
   7  577      566        1 Execute((0x56, Call(TargetFunction(0x1))))
   8  577      566        1 Execute((0x58, DropN(0x8)))
   9  577      566        1 Execute((0x5a, Push32(0x7)))
  10  577      566        1 Execute((0x5f, Push16(0x1)))
  11  577      566        1 Execute((0x62, Push(0x3)))
  12  577      566        1 Execute((0x64, Push(0x0)))
  13  577      566        1 Execute((0x66, Push(0x0)))
  14  577      566        1 Execute((0x68, Push(0x0)))
  15  577      566        1 Execute((0x6a, Push32(0x4)))
  16  577      566        1 Execute((0x6f, Push32(0x4)))
  17  577      566        1 Execute((0x74, Call(TargetFunction(0x1))))
  18  577      566        1 Execute((0x76, DropN(0x8)))
  19  577      566        1 Execute((0x78, Push32(0x7)))
  20  577      566        1 Execute((0x7d, Push16(0x1)))
  21  577      566        1 Execute((0x80, Push(0x4)))
  22  577      566        1 Execute((0x82, Push(0x0)))
  23  577      566        1 Execute((0x84, Push(0x0)))
  24  577      566        1 Execute((0x86, Push(0x0)))
  25  577      566        1 Execute((0x88, Push32(0x4)))
  26  577      566        1 Execute((0x8d, Push32(0x4)))
  27  577      566        1 Execute((0x92, Call(TargetFunction(0x1))))
  28  577      566        1 Execute((0x94, DropN(0x8)))
  29  577      566        1 Execute((0x96, Push32(0x7)))
  30  577      566        1 Execute((0x9b, Push16(0x1)))
  31  577      566        1 Execute((0x9e, Push(0x5)))
  32  577      566        1 Execute((0xa0, Push(0x0)))
  33  577      566        1 Execute((0xa2, Push(0x0)))
  34  577      566        1 Execute((0xa4, Push(0x0)))
  35  577      566        1 Execute((0xa6, Push32(0x4)))
  36  577      566        1 Execute((0xab, Push32(0x4)))
  37  577      566        1 Execute((0xb0, Call(TargetFunction(0x1))))
  38  577      566        1 Execute((0xb2, DropN(0x8)))
  39  577      566        1 Execute((0xb4, Push32(0x7)))
  40  577      566        1 Execute((0xb9, Push16(0x1)))
  41  577      566        1 Execute((0xbc, Push(0x6)))
  42  577      566        1 Execute((0xbe, Push(0x0)))
  43  577      566        1 Execute((0xc0, Push(0x0)))
  44  577      566        1 Execute((0xc2, Push(0x0)))
  45  577      566        1 Execute((0xc4, Push32(0x4)))
  46  577      566        1 Execute((0xc9, Push32(0x4)))
  47  577      566        1 Execute((0xce, Call(TargetFunction(0x1))))
  48  577      566        1 Execute((0xd0, DropN(0x8)))
  49  577      566        1 Execute((0xd2, Done))
  50  581      566        1 Success
humility: ring buffer task_jefe::external::__RINGBUF in jefe:
humility: ring buffer task_spd::__RINGBUF in spd:
 NDX LINE      GEN    COUNT PAYLOAD
   0  316     1114        1 Rx(0x36, 0x0)
   1  311     1114        1 Initiate(0x4a, true)
   2  316     1114        1 Rx(0x4a, 0x3)
   3  338     1114        1 MuxState(Idle, AwaitingSegment)
   4  316     1114        1 Rx(0x4a, 0x40)
   5  338     1114        1 MuxState(AwaitingSegment, Done)
   6  311     1114        1 Initiate(0x36, true)
   7  316     1114        1 Rx(0x36, 0x3)
   8  311     1114        1 Initiate(0x36, true)
   9  316     1114        1 Rx(0x36, 0x3)
  10  294     1114        1 MemInitiate(0xb)
  11  311     1114        1 Initiate(0x53, false)
  12  311     1114        1 Initiate(0x37, true)
  13  316     1114        1 Rx(0x37, 0x0)
  14  311     1114        1 Initiate(0x36, true)
  15  316     1114        1 Rx(0x36, 0x0)
