humility: ring buffer drv_gimlet_seq_server::__RINGBUF in gimlet_seq:
 NDX LINE      GEN    COUNT PAYLOAD
   0  122        1        1 Ice40Rails(true, true)
   1  151        1        1 Ice40PowerGoodV1P2(true)
   2  172        1        1 Ice40PowerGoodV3P3(true)
   3  235        1        1 IdentValid(false)
   4  238        1        1 ChecksumValid(false)
   5  241        1        1 Reprogram(true)
   6  255        1        1 Programming
   7  284        1        1 Programmed
   8  287        1        1 RailsOff
   9  290        1        1 Ident(0xde01)
  10  296        1        1 A1Status(0x0)
  11  319        1      446 ClockConfigWrite
  12  327        1        1 ClockConfigSuccess
  13  328        1        1 A2
  14  437        1     1934 GetState
humility: ring buffer drv_i2c_devices::adm1272::__RINGBUF in power:
 NDX LINE      GEN    COUNT PAYLOAD
   0   94        1        1 Config(CommandData(0x3f3f))
   1  147        1        1 Coefficients(Coefficients { m: 0xfde, b: 0x0, R: 0xfe })
   2  165        1        1 Coefficients(Coefficients { m: 0x297, b: 0x5000, R: 0xff })
   3  193        1        1 Coefficients(Coefficients { m: 0x2927, b: 0x0, R: 0xfd })
   4   94        1        1 Config(CommandData(0x3f3f))
   5  147        1        1 Coefficients(Coefficients { m: 0xfde, b: 0x0, R: 0xfe })
   6  165        1        1 Coefficients(Coefficients { m: 0x52e, b: 0x5000, R: 0xff })
   7  193        1        1 Coefficients(Coefficients { m: 0x524e, b: 0x0, R: 0xfd })
humility: ring buffer drv_stm32h7_i2c::__RINGBUF in i2c_driver:
 NDX LINE      GEN    COUNT PAYLOAD
  39  514    12815        1 WriteWaitISR(0x8020)
  40  514    12815        2 WriteWaitISR(0x8021)
  41  514    12815        1 WriteWaitISR(0x8061)
  42  576    12815        2 ReadISR(0x8021)
  43  576    12815        1 ReadISR(0x8025)
  44  576    12815        2 ReadISR(0x8021)
  45  576    12815        1 ReadISR(0x8025)
  46  611    12815        3 ReadWaitISR(0x8021)
  47  611    12815        1 ReadWaitISR(0x8061)
   0  394    12816        1 WaitISR(0x21)
   1  484    12816        1 WriteISR(0x21)
   2  484    12816        2 WriteISR(0x8021)
   3  484    12816        1 WriteISR(0x8023)
   4  514    12816        1 WriteWaitISR(0x8020)
   5  514    12816        2 WriteWaitISR(0x8021)
   6  514    12816        1 WriteWaitISR(0x8061)
   7  576    12816        2 ReadISR(0x8021)
   8  576    12816        1 ReadISR(0x8025)
   9  576    12816        2 ReadISR(0x8021)
  10  576    12816        1 ReadISR(0x8025)
  11  611    12816        3 ReadWaitISR(0x8021)
  12  611    12816        1 ReadWaitISR(0x8061)
  13  394    12816        1 WaitISR(0x21)
  14  484    12816        1 WriteISR(0x21)
  15  484    12816        2 WriteISR(0x8021)
  16  484    12816        1 WriteISR(0x8023)
  17  514    12816        1 WriteWaitISR(0x8020)
  18  514    12816        2 WriteWaitISR(0x8021)
  19  514    12816        1 WriteWaitISR(0x8061)
  20  576    12816        2 ReadISR(0x8021)
  21  576    12816        1 ReadISR(0x8025)
  22  576    12816        2 ReadISR(0x8021)
  23  576    12816        1 ReadISR(0x8025)
  24  611    12816        3 ReadWaitISR(0x8021)
  25  611    12816        1 ReadWaitISR(0x8061)
  26  394    12816        1 WaitISR(0x21)
  27  484    12816        1 WriteISR(0x21)
  28  484    12816        2 WriteISR(0x8021)
  29  484    12816        1 WriteISR(0x8023)
  30  514    12816        1 WriteWaitISR(0x8020)
  31  514    12816        2 WriteWaitISR(0x8021)
  32  514    12816        1 WriteWaitISR(0x8061)
  33  576    12816        2 ReadISR(0x8021)
  34  576    12816        1 ReadISR(0x8025)
  35  576    12816        2 ReadISR(0x8021)
  36  576    12816        1 ReadISR(0x8025)
  37  611    12816        3 ReadWaitISR(0x8021)
  38  611    12816        1 ReadWaitISR(0x8061)
humility: ring buffer drv_stm32h7_i2c::__RINGBUF in spd:
 NDX LINE      GEN    COUNT PAYLOAD
   0  764        1        1 AddrISR(0x1)
   1  787        1        1 WaitAddr
humility: ring buffer drv_stm32h7_i2c_server::__RINGBUF in i2c_driver:
 NDX LINE      GEN    COUNT PAYLOAD
   7  134      182        1 None
   8  112      182        1 Some(NoDevice)
   9  112      182        1 Some(BusLockedMux)
  10  134      182        1 None
  11  112      182        1 Some(NoDevice)
  12  112      182        1 Some(BusLockedMux)
  13  134      182        1 None
  14  112      182        1 Some(NoDevice)
  15  112      182        1 Some(BusLockedMux)
   0  134      183        1 None
   1  112      183        1 Some(NoDevice)
   2  112      183        1 Some(BusLockedMux)
   3  134      183        1 None
   4  112      183        1 Some(NoDevice)
   5  112      183        1 Some(BusLockedMux)
   6  134      183        1 None
humility: ring buffer drv_stm32h7_spi_server::__RINGBUF in spi4_driver:
humility: ring buffer drv_stm32h7_spi_server::__RINGBUF in spi2_driver:
 NDX LINE      GEN    COUNT PAYLOAD
   1  438     4727        1 Rx(0x6)
   2  286     4727        1 Start(exchange, (0x2, 0x4))
   3  404     4727        1 Tx(0x9)
   4  404     4727        1 Tx(0xf0)
   5  404     4727        2 Tx(0x0)
   6  468     4727        2 WaitISR(0x40012)
   7  438     4727        1 Rx(0x0)
   8  468     4727        1 WaitISR(0x30012)
   9  438     4727        1 Rx(0x0)
  10  468     4727        1 WaitISR(0x20012)
  11  438     4727        1 Rx(0x7)
  12  468     4727        1 WaitISR(0x10012)
  13  438     4727        1 Rx(0x6)
  14  286     4727        1 Start(write, (0x4, 0x0))
  15  404     4727        1 Tx(0x89)
  16  404     4727        1 Tx(0xf0)
  17  404     4727        1 Tx(0x7)
  18  404     4727        1 Tx(0x46)
  19  468     4727        2 WaitISR(0x40012)
  20  438     4727        1 Rx(0x0)
  21  468     4727        1 WaitISR(0x30012)
  22  438     4727        1 Rx(0x0)
  23  468     4727        1 WaitISR(0x20012)
  24  438     4727        1 Rx(0x7)
  25  468     4727        1 WaitISR(0x10012)
  26  438     4727        1 Rx(0x6)
  27  286     4727        1 Start(exchange, (0x2, 0x4))
  28  404     4727        1 Tx(0x0)
  29  404     4727        1 Tx(0x4c)
  30  404     4727        2 Tx(0x0)
  31  468     4727        2 WaitISR(0x40012)
  32  438     4727        1 Rx(0x0)
  33  468     4727        1 WaitISR(0x30012)
  34  438     4727        1 Rx(0x0)
  35  468     4727        1 WaitISR(0x22012)
  36  438     4727        1 Rx(0xf0)
  37  468     4727        1 WaitISR(0x10012)
  38  438     4727        1 Rx(0x0)
  39  286     4727        1 Start(write, (0x4, 0x0))
  40  404     4727        1 Tx(0x80)
  41  404     4727        1 Tx(0x4c)
  42  404     4727        1 Tx(0xf0)
  43  404     4727        1 Tx(0x80)
  44  468     4727        2 WaitISR(0x40012)
  45  438     4727        1 Rx(0x0)
  46  468     4727        1 WaitISR(0x30012)
  47  438     4727        1 Rx(0x0)
  48  468     4727        1 WaitISR(0x20012)
  49  438     4727        1 Rx(0xf0)
  50  468     4727        1 WaitISR(0x10012)
  51  438     4727        1 Rx(0x0)
  52  286     4727        1 Start(write, (0x4, 0x0))
  53  404     4727        1 Tx(0x80)
  54  404     4727        1 Tx(0xc)
  55  404     4727        1 Tx(0x1)
  56  404     4727        1 Tx(0x0)
  57  468     4727        2 WaitISR(0x40012)
  58  438     4727        1 Rx(0x0)
  59  468     4727        1 WaitISR(0x30012)
  60  438     4727        1 Rx(0x0)
  61  468     4727        1 WaitISR(0x20012)
  62  438     4727        1 Rx(0xf0)
  63  468     4727        1 WaitISR(0x10012)
   0  438     4728        1 Rx(0x0)
humility: ring buffer ksz8463::__RINGBUF in net:
 NDX LINE      GEN    COUNT PAYLOAD
   7  148        4        1 Write(IACR, 0x40f)
   8  148        4        1 Write(P1VIDCR, 0x301)
   9  148        4        1 Write(P2VIDCR, 0x302)
  10  148        4        1 Write(P3VIDCR, 0x3ff)
  11  134        4        1 Read(P1CR1, 0x0)
  12  148        4        1 Write(P1CR1, 0x202)
  13  134        4        1 Read(P2CR1, 0x0)
  14  148        4        1 Write(P2CR1, 0x202)
  15  134        4        1 Read(P3CR1, 0x0)
   0  148        5        1 Write(P3CR1, 0x4)
   1  148        5        1 Write(SGCR9, 0xa)
   2  134        5        1 Read(P3CR2, 0x607)
   3  148        5        1 Write(P3CR2, 0x4607)
   4  134        5        1 Read(SGCR2, 0xf0)
   5  148        5        1 Write(SGCR2, 0x80f0)
   6  148        5        1 Write(CIDER, 0x1)
humility: ring buffer task_hiffy::stm32h7::__RINGBUF in hiffy:
 NDX LINE      GEN    COUNT PAYLOAD
  14  609       14        1 Execute((0x2fc, DropN(0x2)))
  15  609       14        1 Execute((0x2fe, DropN(0x5)))
  16  609       14        1 Execute((0x300, Push(0x4)))
  17  609       14        1 Execute((0x302, Push(0x0)))
  18  609       14        1 Execute((0x304, PushNone))
  19  609       14        1 Execute((0x305, PushNone))
  20  609       14        1 Execute((0x306, Push(0x25)))
  21  609       14        1 Execute((0x308, Push(0x20)))
  22  609       14        1 Execute((0x30a, Push(0x1)))
  23  609       14        1 Execute((0x30c, Call(TargetFunction(0x2))))
  24  609       14        1 Execute((0x30e, DropN(0x2)))
  25  609       14        1 Execute((0x310, Push(0x79)))
  26  609       14        1 Execute((0x312, Push(0x2)))
  27  609       14        1 Execute((0x314, Call(TargetFunction(0x2))))
  28  609       14        1 Execute((0x316, DropN(0x2)))
  29  609       14        1 Execute((0x318, Push(0x88)))
  30  609       14        1 Execute((0x31a, Push(0x2)))
  31  609       14        1 Execute((0x31c, Call(TargetFunction(0x2))))
  32  609       14        1 Execute((0x31e, DropN(0x2)))
  33  609       14        1 Execute((0x320, Push(0x8b)))
  34  609       14        1 Execute((0x322, Push(0x2)))
  35  609       14        1 Execute((0x324, Call(TargetFunction(0x2))))
  36  609       14        1 Execute((0x326, DropN(0x2)))
  37  609       14        1 Execute((0x328, Push(0x8c)))
  38  609       14        1 Execute((0x32a, Push(0x2)))
  39  609       14        1 Execute((0x32c, Call(TargetFunction(0x2))))
  40  609       14        1 Execute((0x32e, DropN(0x2)))
  41  609       14        1 Execute((0x330, Push(0x8d)))
  42  609       14        1 Execute((0x332, Push(0x2)))
  43  609       14        1 Execute((0x334, Call(TargetFunction(0x2))))
  44  609       14        1 Execute((0x336, DropN(0x2)))
  45  609       14        1 Execute((0x338, DropN(0x5)))
  46  609       14        1 Execute((0x33a, Push(0x4)))
  47  609       14        1 Execute((0x33c, Push(0x0)))
  48  609       14        1 Execute((0x33e, PushNone))
  49  609       14        1 Execute((0x33f, PushNone))
  50  609       14        1 Execute((0x340, Push(0x67)))
  51  609       14        1 Execute((0x342, Push(0x20)))
  52  609       14        1 Execute((0x344, Push(0x1)))
  53  609       14        1 Execute((0x346, Call(TargetFunction(0x2))))
  54  609       14        1 Execute((0x348, DropN(0x2)))
  55  609       14        1 Execute((0x34a, Push(0x79)))
  56  609       14        1 Execute((0x34c, Push(0x2)))
  57  609       14        1 Execute((0x34e, Call(TargetFunction(0x2))))
  58  609       14        1 Execute((0x350, DropN(0x2)))
  59  609       14        1 Execute((0x352, Push(0x88)))
  60  609       14        1 Execute((0x354, Push(0x2)))
  61  609       14        1 Execute((0x356, Call(TargetFunction(0x2))))
  62  609       14        1 Execute((0x358, DropN(0x2)))
  63  609       14        1 Execute((0x35a, Push(0x8b)))
   0  609       15        1 Execute((0x35c, Push(0x2)))
   1  609       15        1 Execute((0x35e, Call(TargetFunction(0x2))))
   2  609       15        1 Execute((0x360, DropN(0x2)))
   3  609       15        1 Execute((0x362, Push(0x8c)))
   4  609       15        1 Execute((0x364, Push(0x2)))
   5  609       15        1 Execute((0x366, Call(TargetFunction(0x2))))
   6  609       15        1 Execute((0x368, DropN(0x2)))
   7  609       15        1 Execute((0x36a, Push(0x8d)))
   8  609       15        1 Execute((0x36c, Push(0x2)))
   9  609       15        1 Execute((0x36e, Call(TargetFunction(0x2))))
  10  609       15        1 Execute((0x370, DropN(0x2)))
  11  609       15        1 Execute((0x372, DropN(0x5)))
  12  609       15        1 Execute((0x374, Done))
  13  613       15        1 Success
humility: ring buffer task_jefe::external::__RINGBUF in jefe:
humility: ring buffer task_net::mgmt::__RINGBUF in net:
humility: ring buffer task_spd::__RINGBUF in spd:
 NDX LINE      GEN    COUNT PAYLOAD
   2  124        3        1 Present(0x1, 0x5, 0xd)
   3  135        3        1 ReadBottom(0xd)
   4  124        3        1 Present(0x1, 0x6, 0xe)
   5  135        3        1 ReadBottom(0xe)
   6  124        3        1 Present(0x1, 0x7, 0xf)
   7  135        3        1 ReadBottom(0xf)
   8  173        3        1 ReadTop(0x8)
   9  173        3        1 ReadTop(0x9)
  10  173        3        1 ReadTop(0xa)
  11  173        3        1 ReadTop(0xb)
  12  173        3        1 ReadTop(0xc)
  13  173        3        1 ReadTop(0xd)
  14  173        3        1 ReadTop(0xe)
  15  173        3        1 ReadTop(0xf)
   0  253        4        1 Found(0x10)
   1  271        4        1 Ready(0x0)
humility: ring buffer task_thermal::__RINGBUF in thermal:
 NDX LINE      GEN    COUNT PAYLOAD
   0  225        1        1 Start
   1  105        1        1 ThermalMode(Manual)
humility: ring buffer task_validate::__RINGBUF in validate:
humility: ring buffer vsc85xx::__RINGBUF in net:
 NDX LINE      GEN    COUNT PAYLOAD
   0   26        1        1 Vsc8562InitSgmii(0x1e)
   1   23        1        1 ViperPatch(0x1e)
   2  133        1        1 GotCrc(0xfb48)
