ADDR MANUFACTURER              PART                 WEEK YEAR
   0 Samsung                   M393A8G40AB2-CWE        1 2021
   1 Samsung                   M393A8G40AB2-CWE        1 2021
   2 Samsung                   M393A8G40AB2-CWE        1 2021
   3 Samsung                   M393A8G40AB2-CWE        1 2021
   4 Samsung                   M393A8G40AB2-CWE        1 2021
   5 Samsung                   M393A8G40AB2-CWE        1 2021
   6 Samsung                   M393A8G40AB2-CWE        1 2021
   7 Samsung                   M393A8G40AB2-CWE        1 2021
   8 Samsung                   M393A8G40AB2-CWE        1 2021
   9 Samsung                   M393A8G40AB2-CWE        1 2021
  10 Samsung                   M393A8G40AB2-CWE        1 2021
  11 Samsung                   M393A8G40AB2-CWE        1 2021
  12 Micron Technology         36ASF8G72PZ-3G2E1       1 2021
  13 Micron Technology         36ASF8G72PZ-3G2E1       1 2021
  14 Micron Technology         36ASF8G72PZ-3G2E1       1 2021
  15 Micron Technology         36ASF8G72PZ-3G2E1       1 2021
