MODULE             VARIABLE                       ADDR       SIZE
kernel             CLOCK_FREQ_KHZ                 0x20000400 4
kernel             CURRENT_TASK_PTR               0x20000eb0 4
kernel             DEVICE_PERIPHERALS             0x20000e98 1
kernel             FAULT_NOTIFICATION             0x20000e9c 4
kernel             HUBRIS_IMAGE_ID                0x08004e40 8
kernel             HUBRIS_INTERRUPTS              0x08005260 132
kernel             HUBRIS_REGION_DESCS            0x08004f80 736
kernel             HUBRIS_REGION_TABLE_SPACE      0x20000cf8 416
kernel             HUBRIS_TASK_DESCS              0x08004e48 312
kernel             HUBRIS_TASK_TABLE_SPACE        0x20000408 2288
kernel             IRQ_TABLE_BASE                 0x20000ea8 4
kernel             IRQ_TABLE_SIZE                 0x20000eac 4
kernel             TASK_TABLE_BASE                0x20000ea0 4
kernel             TASK_TABLE_SIZE                0x20000ea4 4
kernel             TICKS                          0x20000eb8 8
kernel             __EXCEPTIONS                   0x08000008 56
kernel             __INTERRUPTS                   0x08000040 600
kernel             __RESET_VECTOR                 0x08000004 4
jefe               JEFE_EXTERNAL_ERRORS           0x20003650 4
jefe               JEFE_EXTERNAL_KICK             0x20003648 4
jefe               JEFE_EXTERNAL_READY            0x2000363c 4
jefe               JEFE_EXTERNAL_REQUEST          0x20003640 4
jefe               JEFE_EXTERNAL_REQUESTS         0x2000364c 4
jefe               JEFE_EXTERNAL_TASKINDEX        0x20003644 4
jefe               __RINGBUF                      0x20003600 60
spi4_driver        PANIC_BUFFER                   0x20003f74 128
spi4_driver        SYS                            0x08022320 2
spi4_driver        __RINGBUF                      0x20003b68 1036
spi2_driver        PANIC_BUFFER                   0x20010774 128
spi2_driver        SYS                            0x08026508 2
spi2_driver        __RINGBUF                      0x20010368 1036
i2c_driver         PANIC_BUFFER                   0x20010f58 128
i2c_driver         SYS                            0x0802a45c 2
i2c_driver         __RINGBUF                      0x20010e8c 204
i2c_driver         __RINGBUF                      0x20010b80 780
spd                I2C                            0x0802e34e 2
spd                PANIC_BUFFER                   0x20006798 128
spd                SPD_DATA                       0x20004798 8192
spd                SYS                            0x0802e34c 2
spd                __RINGBUF                      0x20004380 268
spd                __RINGBUF                      0x2000448c 780
thermal            I2C                            0x080377dc 2
thermal            PANIC_BUFFER                   0x20011780 128
thermal            SENSOR                         0x080377de 2
power              I2C                            0x080322cc 2
power              PANIC_BUFFER                   0x20001a8c 128
power              SENSOR                         0x080322ce 2
power              SEQUENCER                      0x080322d0 2
power              __RINGBUF                      0x20001800 652
hiffy              HF                             0x0800bd2c 2
hiffy              HIFFY_DATA                     0x2000921c 20480
hiffy              HIFFY_ERRORS                   0x2000eaa0 4
hiffy              HIFFY_FAILURE                  0x20008400 8
hiffy              HIFFY_KICK                     0x2000eaa4 4
hiffy              HIFFY_READY                    0x2000eaa8 4
hiffy              HIFFY_REQUESTS                 0x2000ea9c 4
hiffy              HIFFY_RSTACK                   0x2000e21c 2048
hiffy              HIFFY_TEXT                     0x20008a1c 2048
hiffy              HIFFY_VERSION_MAJOR            0x2000eaac 4
hiffy              HIFFY_VERSION_MINOR            0x20008a14 4
hiffy              HIFFY_VERSION_PATCH            0x20008a18 4
hiffy              I2C                            0x0800bec6 2
hiffy              PANIC_BUFFER                   0x2000ea1c 128
hiffy              SYS                            0x0800bec4 2
hiffy              __RINGBUF                      0x20008408 1548
gimlet_seq         HF                             0x08019dbc 2
gimlet_seq         I2C                            0x08019dba 2
gimlet_seq         PANIC_BUFFER                   0x20002b4c 128
gimlet_seq         SPI                            0x08019db8 2
gimlet_seq         SYS                            0x08019db6 2
gimlet_seq         __RINGBUF                      0x20002640 1292
hf                 PANIC_BUFFER                   0x20011f80 128
hf                 SYS                            0x08039a8c 2
sensor             PANIC_BUFFER                   0x20012780 128
