MODULE             VARIABLE                       ADDR       SIZE
kernel             CLOCK_FREQ_KHZ                 0x80000408 4
kernel             CURRENT_TASK_PTR               0x80000404 4
kernel             HUBRIS_IMAGE_ID                0x200135d8 8
kernel             HUBRIS_REGION_DESCS            0x20013630 108
kernel             HUBRIS_REGION_TABLE_SPACE      0x80000738 128
kernel             HUBRIS_TASK_DESCS              0x200135e0 80
kernel             HUBRIS_TASK_TABLE_SPACE        0x80000418 800
kernel             TICKS                          0x80000410 8
kernel             __INTERRUPTS                   0x200137f0 48
jefe               JEFE_EXTERNAL_ERRORS           0x80000e14 4
jefe               JEFE_EXTERNAL_KICK             0x80000e0c 4
jefe               JEFE_EXTERNAL_READY            0x80000e00 4
jefe               JEFE_EXTERNAL_REQUEST          0x80000e04 4
jefe               JEFE_EXTERNAL_REQUESTS         0x80000e10 4
jefe               JEFE_EXTERNAL_TASKINDEX        0x80000e08 4
jefe               LOG__STRINGBUF                 0x80000e54 140
jefe               __RINGBUF                      0x80000e18 60
ping               PANIC_BUFFER                   0x800011e0 128
ping               PEER                           0x200189fe 2
