MODULE             VARIABLE                       ADDR       SIZE
kernel             CLOCK_FREQ_KHZ                 0x20004018 4
kernel             CURRENT_TASK_PTR               0x20004014 4
kernel             FAULT_NOTIFICATION             0x20004000 4
kernel             IRQ_TABLE_BASE                 0x2000400c 4
kernel             IRQ_TABLE_SIZE                 0x20004010 4
kernel             TASK_TABLE_BASE                0x20004004 4
kernel             TASK_TABLE_SIZE                0x20004008 4
kernel             TICKS                          0x20004020 8
kernel             __EXCEPTIONS                   0x00008008 56
kernel             __INTERRUPTS                   0x00008040 960
kernel             __RESET_VECTOR                 0x00008004 4
jefe               EXTERNAL_RINGBUF               0x20005600 56
jefe               JEFE_EXTERNAL_ERRORS           0x2000564c 4
jefe               JEFE_EXTERNAL_KICK             0x20005644 4
jefe               JEFE_EXTERNAL_READY            0x20005638 4
jefe               JEFE_EXTERNAL_REQUEST          0x2000563c 4
jefe               JEFE_EXTERNAL_REQUESTS         0x20005648 4
jefe               JEFE_EXTERNAL_TASKINDEX        0x20005640 4
hiffy              GPIO                           0x0001a630 2
hiffy              HIFFY_DATA                     0x20009618 2048
hiffy              HIFFY_ERRORS                   0x2000a61c 4
hiffy              HIFFY_FAILURE                  0x20008800 8
hiffy              HIFFY_KICK                     0x2000a620 4
hiffy              HIFFY_READY                    0x2000a624 4
hiffy              HIFFY_REQUESTS                 0x2000a618 4
hiffy              HIFFY_RSTACK                   0x20009e18 2048
hiffy              HIFFY_TEXT                     0x20008e18 2048
hiffy              HIFFY_VERSION_MAJOR            0x2000a628 4
hiffy              HIFFY_VERSION_MINOR            0x20008e10 4
hiffy              HIFFY_VERSION_PATCH            0x20008e14 4
hiffy              LPC55_RINGBUF                  0x20008808 1544
hiffy              _TASK_SLOT_TABLE_GPIO          0x00000000 19
gpio_driver        SYSCON                         0x00025bc0 2
user_leds          GPIO                           0x000292e8 2
usart_driver       GPIO                           0x0002d47e 2
usart_driver       SYSCON                         0x0002d47c 2
usart_driver       _TASK_SLOT_TABLE_GPIO          0x00000015 19
i2c_driver         GPIO                           0x00031696 2
i2c_driver         SYSCON                         0x00031694 2
rng_driver         SYSCON                         0x00035188 2
spi_driver         GPIO                           0x0003991e 2
spi_driver         SYSCON                         0x0003991c 2
ping               PEER                           0x0003d200 2
ping               UART                           0x0003d202 2
ping               _TASK_SLOT_TABLE_UART          0x0000000c 20
pong               USER_LEDS                      0x0003eff0 2
spam               HSTDOUT                        0x2000c7e8 8
spam               I2C                            0x00041010 2
