MODULE             VARIABLE                       ADDR       SIZE
kernel             CLOCK_FREQ_KHZ                 0x20000280 4
kernel             CURRENT_TASK_PTR               0x200009ec 4
kernel             FAULT_NOTIFICATION             0x200009d8 4
kernel             HUBRIS_IMAGE_ID                0x08002d68 8
kernel             HUBRIS_INTERRUPTS              0x08002fa8 12
kernel             HUBRIS_REGION_DESCS            0x08002e48 352
kernel             HUBRIS_REGION_TABLE_SPACE      0x200008b8 288
kernel             HUBRIS_TASK_DESCS              0x08002d70 216
kernel             HUBRIS_TASK_TABLE_SPACE        0x20000288 1584
kernel             IRQ_TABLE_BASE                 0x200009e4 4
kernel             IRQ_TABLE_SIZE                 0x200009e8 4
kernel             TASK_TABLE_BASE                0x200009dc 4
kernel             TASK_TABLE_SIZE                0x200009e0 4
kernel             TICKS                          0x200009f0 8
kernel             __EXCEPTIONS                   0x08000008 56
kernel             __INTERRUPTS                   0x08000040 124
kernel             __RESET_VECTOR                 0x08000004 4
jefe               JEFE_EXTERNAL_ERRORS           0x200045b0 4
jefe               JEFE_EXTERNAL_KICK             0x200045a8 4
jefe               JEFE_EXTERNAL_READY            0x2000459c 4
jefe               JEFE_EXTERNAL_REQUEST          0x200045a0 4
jefe               JEFE_EXTERNAL_REQUESTS         0x200045ac 4
jefe               JEFE_EXTERNAL_TASKINDEX        0x200045a4 4
jefe               __RINGBUF                      0x20004560 60
gpio_driver        RCC                            0x08010a52 2
usart_driver       GPIO                           0x0801152e 2
usart_driver       RCC                            0x0801152c 2
user_leds          GPIO                           0x08011c06 2
pong               USER_LEDS                      0x0801266c 2
ping               PEER                           0x0800f144 2
ping               UART                           0x0800f146 2
hiffy              HIFFY_DATA                     0x20002bc0 2048
hiffy              HIFFY_ERRORS                   0x20003bc4 4
hiffy              HIFFY_FAILURE                  0x200023b0 8
hiffy              HIFFY_KICK                     0x20003bc8 4
hiffy              HIFFY_READY                    0x20003bcc 4
hiffy              HIFFY_REQUESTS                 0x20003bc0 4
hiffy              HIFFY_RSTACK                   0x200033c0 2048
hiffy              HIFFY_TEXT                     0x200023c0 2048
hiffy              HIFFY_VERSION_MAJOR            0x20003bd0 4
hiffy              HIFFY_VERSION_MINOR            0x200023b8 4
hiffy              HIFFY_VERSION_PATCH            0x200023bc 4
