MODULE             VARIABLE                       ADDR       SIZE
kernel             CLOCK_FREQ_KHZ                 0x20000018 4
kernel             CURRENT_TASK_PTR               0x20000014 4
kernel             DEVICE_PERIPHERALS             0x20000028 1
kernel             FAULT_NOTIFICATION             0x20000000 4
kernel             IRQ_TABLE_BASE                 0x2000000c 4
kernel             IRQ_TABLE_SIZE                 0x20000010 4
kernel             TASK_TABLE_BASE                0x20000004 4
kernel             TASK_TABLE_SIZE                0x20000008 4
kernel             TICKS                          0x20000020 8
kernel             __EXCEPTIONS                   0x08000008 56
kernel             __INTERRUPTS                   0x08000040 600
kernel             __RESET_VECTOR                 0x08000004 4
jefe               EXTERNAL_RINGBUF               0x200013ec 56
jefe               JEFE_EXTERNAL_ERRORS           0x20001434 4
jefe               JEFE_EXTERNAL_KICK             0x2000142c 4
jefe               JEFE_EXTERNAL_READY            0x200013e8 4
jefe               JEFE_EXTERNAL_REQUEST          0x20001424 4
jefe               JEFE_EXTERNAL_REQUESTS         0x20001430 4
jefe               JEFE_EXTERNAL_TASKINDEX        0x20001428 4
i2c_driver         STM32H7_I2C_RINGBUF            0x20002c00 264
i2c_driver         STM32H7_I2C_SERVER_RINGBUF     0x20002d08 200
spd                STM32H7_I2C_RINGBUF            0x20003400 264
spd                TASK_SPD_RINGBUF               0x20003508 200
spi                TASK_SPI_RINGBUF               0x20004400 264
i2c_debug          I2C_DEBUG_CONTROLLER           0x20006c00 4
i2c_debug          I2C_DEBUG_DEVICE               0x20006c0c 4
i2c_debug          I2C_DEBUG_ERRORS               0x20006c24 4
i2c_debug          I2C_DEBUG_KICK                 0x20006c28 4
i2c_debug          I2C_DEBUG_MUX                  0x20006c04 4
i2c_debug          I2C_DEBUG_NBYTES               0x20006c14 4
i2c_debug          I2C_DEBUG_PORT                 0x20006c1c 1
i2c_debug          I2C_DEBUG_READY                0x20006c2c 4
i2c_debug          I2C_DEBUG_REGISTER             0x20006c10 4
i2c_debug          I2C_DEBUG_REQUESTS             0x20006c20 4
i2c_debug          I2C_DEBUG_RESULTS              0x20006400 2048
i2c_debug          I2C_DEBUG_SEGMENT              0x20006c08 4
i2c_debug          I2C_DEBUG_VALUE                0x20006c18 4
thermal            DS2482_RINGBUF                 0x20008800 3144
thermal            MAX31790_RINGBUF               0x20009448 520
