MODULE             VARIABLE                                   ADDR       SIZE
kernel             CLOCK_FREQ_KHZ                             0x2400048c 4
kernel             CURRENT_TASK_PTR                           0x240016f4 4
kernel             DEVICE_PERIPHERALS                         0x240016f1 1
kernel             HUBRIS_IMAGE_ID                            0x08005658 8
kernel             __EXCEPTIONS                               0x08000008 56
kernel             __INTERRUPTS                               0x08000040 600
kernel             __RESET_VECTOR                             0x08000004 4
kernel             kern::arch::arm_m::TICKS                   0x240016f8 8
kernel             kern::fail::KERNEL_EPITAPH                 0x24000409 128
kernel             kern::fail::KERNEL_HAS_FAILED              0x24000408 1
kernel             kern::startup::HUBRIS_REGION_DESCS         0x08005b30 1980
kernel             kern::startup::HUBRIS_TASK_DESCS           0x08005660 1232
kernel             kern::startup::HUBRIS_TASK_TABLE_SPACE     0x24000490 4704
kernel             kern::startup::TASK_TABLE_IN_USE           0x24000400 1
jefe               JEFE_EXTERNAL_ERRORS                       0x2405a758 4
jefe               JEFE_EXTERNAL_KICK                         0x2405a750 4
jefe               JEFE_EXTERNAL_READY                        0x2405a744 4
jefe               JEFE_EXTERNAL_REQUEST                      0x2405a748 4
jefe               JEFE_EXTERNAL_REQUESTS                     0x2405a754 4
jefe               JEFE_EXTERNAL_TASKINDEX                    0x2405a74c 4
jefe               task_jefe::dump::__RINGBUF                 0x2405a600 272
jefe               task_jefe::external::__RINGBUF             0x2405a710 52
net                drv_spi_api::__SPI_CLIENT_COUNTERS         0x24019eac 52
net                drv_stm32xx_sys_api::__SYS_CLIENT_COUNTERS 0x24019ee0 68
net                ksz8463::__RINGBUF                         0x24019f24 204
net                task_jefe_api::__JEFE_CLIENT_COUNTERS      0x24019ff0 576
net                task_net::JEFE                             0x0806055a 2
net                task_net::PACKRAT                          0x0806055c 2
net                task_net::SYS                              0x08060558 2
net                task_net::__COUNTERS                       0x24012be0 12
net                task_net::bsp_support::SPI                 0x08060494 2
net                task_net::buf::claim_rx_statics::RX_BUF    0x300018c0 6144
net                task_net::buf::claim_rx_statics::RX_DESC   0x30001880 64
net                task_net::buf::claim_rx_statics::TAKEN     0x2401a395 1
net                task_net::buf::claim_tx_statics::TAKEN     0x2401a394 1
net                task_net::buf::claim_tx_statics::TX_BUF    0x30000080 6144
net                task_net::buf::claim_tx_statics::TX_DESC   0x30000000 128
net                task_net::generated::CTOR_FLAG             0x2401a397 1
net                task_net::generated::SOCK_RX_DAT_BROADCAST 0x2401350c 2048
net                task_net::generated::SOCK_RX_DAT_CONTROL_PLANE_AGENT 0x24014e2c 4096
net                task_net::generated::SOCK_RX_DAT_DUMP_AGENT 0x2401674c 2048
net                task_net::generated::SOCK_RX_DAT_ECHO      0x2401786c 2048
net                task_net::generated::SOCK_RX_DAT_INSPECTOR 0x2401898c 1024
net                task_net::generated::SOCK_RX_DAT_RPC       0x240196ac 2048
net                task_net::generated::SOCK_RX_HDR_BROADCAST 0x2401347c 144
net                task_net::generated::SOCK_RX_HDR_CONTROL_PLANE_AGENT 0x24014d9c 144
net                task_net::generated::SOCK_RX_HDR_DUMP_AGENT 0x240166bc 144
net                task_net::generated::SOCK_RX_HDR_ECHO      0x240177dc 144
net                task_net::generated::SOCK_RX_HDR_INSPECTOR 0x240188fc 144
net                task_net::generated::SOCK_RX_HDR_RPC       0x2401961c 144
net                task_net::generated::SOCK_TX_DAT_BROADCAST 0x24012c7c 2048
net                task_net::generated::SOCK_TX_DAT_CONTROL_PLANE_AGENT 0x24013d9c 4096
net                task_net::generated::SOCK_TX_DAT_DUMP_AGENT 0x24015ebc 2048
net                task_net::generated::SOCK_TX_DAT_ECHO      0x24016fdc 2048
net                task_net::generated::SOCK_TX_DAT_INSPECTOR 0x240180fc 2048
net                task_net::generated::SOCK_TX_DAT_RPC       0x24018e1c 2048
net                task_net::generated::SOCK_TX_HDR_BROADCAST 0x24012bec 144
net                task_net::generated::SOCK_TX_HDR_CONTROL_PLANE_AGENT 0x24013d0c 144
net                task_net::generated::SOCK_TX_HDR_DUMP_AGENT 0x24015e2c 144
net                task_net::generated::SOCK_TX_HDR_ECHO      0x24016f4c 144
net                task_net::generated::SOCK_TX_HDR_INSPECTOR 0x2401806c 144
net                task_net::generated::SOCK_TX_HDR_RPC       0x24018d8c 144
net                task_net::mgmt::__RINGBUF                  0x24012900 736
net                task_net::server_impl::claim_server_storage_statics::STORAGE 0x24011f40 2496
net                task_net::server_impl::claim_server_storage_statics::TAKEN 0x2401a396 1
net                task_packrat_api::__PACKRAT_CLIENT_COUNTERS 0x2401a230 56
net                userlib::panic::PANIC_BUFFER               0x2401a268 128
net                vsc85xx::__RINGBUF                         0x2401a2e8 172
net                vsc85xx::viper::VIPER_PATCH                0x080626c8 92
net                vsc85xx::viper::VIPER_TR_CONFIG            0x08062724 462
sys                drv_stm32xx_sys::JEFE                      0x08030a40 2
sys                drv_stm32xx_sys::__EXTI_IRQ_COUNTERS       0x2405b380 8
sys                task_jefe_api::__JEFE_CLIENT_COUNTERS      0x2405b388 576
spi2_driver        drv_stm32h7_spi_server::SYS                0x0806b528 2
spi2_driver        drv_stm32h7_spi_server::main::LOCK_HOLDER  0x24056860 12
spi2_driver        drv_stm32h7_spi_server::main::MUX_INDEX    0x2405685c 4
spi2_driver        drv_stm32h7_spi_server::main::TAKEN        0x24056858 1
spi2_driver        drv_stm32h7_spi_server_core::__RINGBUF     0x24056368 1068
spi2_driver        drv_stm32xx_sys_api::__SYS_CLIENT_COUNTERS 0x24056794 68
spi2_driver        userlib::panic::PANIC_BUFFER               0x240567d8 128
i2c_driver         drv_stm32xx_i2c::__RINGBUF                 0x24058a64 884
i2c_driver         drv_stm32xx_i2c_server::SYS                0x0800aee4 2
i2c_driver         drv_stm32xx_i2c_server::__RINGBUF          0x24058418 1612
i2c_driver         drv_stm32xx_sys_api::__SYS_CLIENT_COUNTERS 0x24058dd8 68
i2c_driver         userlib::panic::PANIC_BUFFER               0x24058e1c 128
spd                drv_stm32xx_i2c::__RINGBUF                 0x2405948c 884
spd                drv_stm32xx_sys_api::__SYS_CLIENT_COUNTERS 0x24059800 68
spd                task_jefe_api::__JEFE_CLIENT_COUNTERS      0x24059844 576
spd                task_packrat_api::__PACKRAT_CLIENT_COUNTERS 0x24059a84 56
spd                task_spd::JEFE                             0x0808f85c 2
spd                task_spd::PACKRAT                          0x0808f85a 2
spd                task_spd::SYS                              0x0808f858 2
spd                task_spd::__RINGBUF                        0x24059380 268
spd                userlib::panic::PANIC_BUFFER               0x24059abc 128
packrat            task_packrat::__RINGBUF                    0x240063c8 656
packrat            task_packrat::main::BUFS                   0x24004380 8264
packrat            userlib::panic::PANIC_BUFFER               0x24006658 128
thermal            drv_gimlet_seq_api::__SEQUENCER_CLIENT_COUNTERS 0x24003dc0 76
thermal            drv_i2c_devices::max31790::__RINGBUF       0x24003770 60
thermal            task_sensor_api::__SENSOR_CLIENT_COUNTERS  0x24003e0c 88
thermal            task_thermal::I2C                          0x080156ee 2
thermal            task_thermal::SENSOR                       0x080156f0 2
thermal            task_thermal::__RINGBUF                    0x240039c8 1016
thermal            task_thermal::bsp::SEQ                     0x080156ec 2
thermal            task_thermal::control::ThermalControl::new::BLACKBOXEN 0x240037b0 536
thermal            userlib::panic::PANIC_BUFFER               0x24003e64 128
power              drv_gimlet_seq_api::__SEQUENCER_CLIENT_COUNTERS 0x2404642c 76
power              drv_i2c_devices::adm1272::__RINGBUF        0x24045b40 652
power              task_power::I2C                            0x0809e770 2
power              task_power::SENSOR                         0x0809e772 2
power              task_power::__RINGBUF                      0x24044ed8 44
power              task_power::bsp::CONTROLLER_CONFIG         0x0809df0c 2072
power              task_power::bsp::__RINGBUF                 0x24044f04 3132
power              task_power::bsp::get_state::SEQUENCER      0x0809e774 2
power              task_power::claim_devices::DEVICES         0x24045dd0 1628
power              task_power::claim_devices::TAKEN           0x24045dcc 1
power              task_sensor_api::__SENSOR_CLIENT_COUNTERS  0x24046478 88
power              userlib::panic::PANIC_BUFFER               0x240464d0 128
hiffy              drv_gimlet_hf_api::__HOSTFLASH_CLIENT_COUNTERS 0x2400ecd0 616
hiffy              drv_hash_api::__HASH_CLIENT_COUNTERS       0x2400ef38 96
hiffy              drv_spi_api::__SPI_CLIENT_COUNTERS         0x2400ef98 52
hiffy              drv_stm32xx_sys_api::__SYS_CLIENT_COUNTERS 0x2400efcc 68
hiffy              task_hiffy::HIFFY_DATA                     0x240092cc 20480
hiffy              task_hiffy::HIFFY_ERRORS                   0x2400f094 4
hiffy              task_hiffy::HIFFY_FAILURE                  0x240084b0 8
hiffy              task_hiffy::HIFFY_KICK                     0x2400f098 4
hiffy              task_hiffy::HIFFY_READY                    0x2400f09c 4
hiffy              task_hiffy::HIFFY_REQUESTS                 0x2400f090 4
hiffy              task_hiffy::HIFFY_RSTACK                   0x2400e2cc 2048
hiffy              task_hiffy::HIFFY_SCRATCH                  0x2400eacc 513
hiffy              task_hiffy::HIFFY_TEXT                     0x24008acc 2048
hiffy              task_hiffy::HIFFY_VERSION_MAJOR            0x2400f0a0 4
hiffy              task_hiffy::HIFFY_VERSION_MINOR            0x24008ac4 4
hiffy              task_hiffy::HIFFY_VERSION_PATCH            0x24008ac8 4
hiffy              task_hiffy::common::HASH                   0x08095136 2
hiffy              task_hiffy::common::HF                     0x08095134 2
hiffy              task_hiffy::stm32h7::I2C                   0x080952ca 2
hiffy              task_hiffy::stm32h7::SYS                   0x080952c8 2
hiffy              task_hiffy::stm32h7::__RINGBUF             0x240084b8 1548
hiffy              userlib::panic::PANIC_BUFFER               0x2400f010 128
gimlet_seq         drv_gimlet_hf_api::__HOSTFLASH_CLIENT_COUNTERS 0x2404a43c 616
gimlet_seq         drv_gimlet_seq_server::HF                  0x08084fc0 2
gimlet_seq         drv_gimlet_seq_server::I2C                 0x08084fbe 2
gimlet_seq         drv_gimlet_seq_server::JEFE                0x08084fc2 2
gimlet_seq         drv_gimlet_seq_server::PACKRAT             0x08084fc4 2
gimlet_seq         drv_gimlet_seq_server::SPI                 0x08084fbc 2
gimlet_seq         drv_gimlet_seq_server::SYS                 0x08084fba 2
gimlet_seq         drv_gimlet_seq_server::__RINGBUF           0x24049578 3496
gimlet_seq         drv_gimlet_seq_server::idl::__SEQUENCER_SERVER_COUNTERS 0x2404a38c 176
gimlet_seq         drv_gimlet_seq_server::vcore::__RINGBUF    0x24048a28 2896
gimlet_seq         drv_oxide_vpd::__RINGBUF                   0x2404a320 108
gimlet_seq         drv_packrat_vpd_loader::__RINGBUF          0x2404a6a4 588
gimlet_seq         drv_spi_api::__SPI_CLIENT_COUNTERS         0x2404a8f0 52
gimlet_seq         drv_stm32xx_sys_api::__SYS_CLIENT_COUNTERS 0x2404a924 68
gimlet_seq         task_jefe_api::__JEFE_CLIENT_COUNTERS      0x2404a968 576
gimlet_seq         task_packrat_api::__PACKRAT_CLIENT_COUNTERS 0x2404aba8 56
gimlet_seq         tlvc::CRC                                  0x08086f20 1028
gimlet_seq         userlib::panic::PANIC_BUFFER               0x2404abe0 128
gimlet_inspector   drv_gimlet_seq_api::__SEQUENCER_CLIENT_COUNTERS 0x2405ae4c 76
gimlet_inspector   task_gimlet_inspector::NET                 0x080687d8 2
gimlet_inspector   task_gimlet_inspector::SEQ                 0x080687da 2
gimlet_inspector   task_gimlet_inspector::__COUNTERS          0x2405ae40 12
gimlet_inspector   task_net_api::__NET_CLIENT_COUNTERS        0x2405ae98 200
gimlet_inspector   userlib::panic::PANIC_BUFFER               0x2405af60 128
hash_driver        drv_stm32h7_hash_server::SYS               0x08064c14 2
hash_driver        drv_stm32xx_sys_api::__SYS_CLIENT_COUNTERS 0x24055800 68
hash_driver        userlib::panic::PANIC_BUFFER               0x24055844 128
hf                 drv_gimlet_hf_server::HASH                 0x08077b9a 2
hf                 drv_gimlet_hf_server::SYS                  0x08077b98 2
hf                 drv_hash_api::__HASH_CLIENT_COUNTERS       0x24054bb8 96
hf                 drv_stm32xx_sys_api::__SYS_CLIENT_COUNTERS 0x24054c18 68
hf                 userlib::panic::PANIC_BUFFER               0x24054c5c 128
update_server      stm32h7_update_server::__RINGBUF           0x24053800 1036
update_server      tlvc::CRC                                  0x08035760 1028
update_server      userlib::panic::PANIC_BUFFER               0x24053c0c 128
sensor             task_sensor::main::DATA_TIME               0x240506a0 1064
sensor             task_sensor::main::DATA_VALUE              0x24050488 532
sensor             task_sensor::main::ERR_TIME                0x240517d0 1064
sensor             task_sensor::main::ERR_VALUE               0x24051748 133
sensor             task_sensor::main::LAST_READING            0x24050401 133
sensor             task_sensor::main::MAX_TIME                0x24051320 1064
sensor             task_sensor::main::MAX_VALUE               0x24051108 532
sensor             task_sensor::main::MIN_TIME                0x24050ce0 1064
sensor             task_sensor::main::MIN_VALUE               0x24050ac8 532
sensor             task_sensor::main::NERRORS                 0x24051bf8 532
sensor             task_sensor::main::TAKEN                   0x24050400 1
sensor             userlib::panic::PANIC_BUFFER               0x24051e0c 128
host_sp_comms      drv_gimlet_hf_api::__HOSTFLASH_CLIENT_COUNTERS 0x24028178 616
host_sp_comms      drv_gimlet_seq_api::__SEQUENCER_CLIENT_COUNTERS 0x240283e0 76
host_sp_comms      drv_oxide_vpd::__RINGBUF                   0x24021f88 108
host_sp_comms      drv_spi_api::__SPI_CLIENT_COUNTERS         0x2402842c 52
host_sp_comms      drv_stm32xx_sys_api::__SYS_CLIENT_COUNTERS 0x24028460 68
host_sp_comms      ksz8463::__RINGBUF                         0x240284a4 204
host_sp_comms      task_control_plane_agent_api::__CONTROLPLANEAGENT_CLIENT_COUNTERS 0x24028570 180
host_sp_comms      task_host_sp_comms::CONTROL_PLANE_AGENT    0x08042b7a 2
host_sp_comms      task_host_sp_comms::GIMLET_SEQ             0x08042b7c 2
host_sp_comms      task_host_sp_comms::HOST_FLASH             0x08042b7e 2
host_sp_comms      task_host_sp_comms::NET                    0x08042b82 2
host_sp_comms      task_host_sp_comms::PACKRAT                0x08042b80 2
host_sp_comms      task_host_sp_comms::SYS                    0x08042b84 2
host_sp_comms      task_host_sp_comms::ServerImpl::claim_static_resources::BUFS 0x24021ff4 24964
host_sp_comms      task_host_sp_comms::__RINGBUF              0x240213d8 2992
host_sp_comms      task_host_sp_comms::bsp::I2C               0x08042b76 2
host_sp_comms      task_host_sp_comms::bsp::SPI               0x08042b78 2
host_sp_comms      task_net_api::__NET_CLIENT_COUNTERS        0x24028624 200
host_sp_comms      task_packrat_api::__PACKRAT_CLIENT_COUNTERS 0x240286ec 56
host_sp_comms      tlvc::CRC                                  0x08042dc0 1028
udpecho            task_net_api::__NET_CLIENT_COUNTERS        0x2404f004 200
udpecho            task_udpecho::NET                          0x08032eb0 2
udpecho            task_udpecho::UDP_ECHO_COUNT               0x2404f000 4
udpecho            userlib::panic::PANIC_BUFFER               0x2404f0cc 128
udpbroadcast       task_net_api::__NET_CLIENT_COUNTERS        0x24057800 200
udpbroadcast       task_packrat_api::__PACKRAT_CLIENT_COUNTERS 0x240578c8 56
udpbroadcast       task_udpbroadcast::NET                     0x0808ab54 2
udpbroadcast       task_udpbroadcast::PACKRAT                 0x0808ab56 2
udpbroadcast       task_udpbroadcast::UDP_BROADCAST_COUNT     0x24057980 4
udpbroadcast       task_udpbroadcast::UDP_ERROR_COUNT         0x24057984 4
udpbroadcast       userlib::panic::PANIC_BUFFER               0x24057900 128
control_plane_agent drv_caboose_pos::CABOOSE_POS               0x0802c214 8
control_plane_agent drv_gimlet_hf_api::__HOSTFLASH_CLIENT_COUNTERS 0x240343e8 616
control_plane_agent drv_gimlet_seq_api::__SEQUENCER_CLIENT_COUNTERS 0x24034650 76
control_plane_agent drv_sprot_api::__SPROT_CLIENT_COUNTERS     0x2403469c 6980
control_plane_agent drv_stm32h7_update_api::__UPDATE_CLIENT_COUNTERS 0x240361e0 812
control_plane_agent drv_stm32xx_sys_api::__SYS_CLIENT_COUNTERS 0x2403650c 68
control_plane_agent drv_user_leds_api::__USERLEDS_CLIENT_COUNTERS 0x24036550 32
control_plane_agent task_control_plane_agent::CRITICAL         0x24034150 664
control_plane_agent task_control_plane_agent::JEFE             0x0802b01a 2
control_plane_agent task_control_plane_agent::NET              0x0802b01c 2
control_plane_agent task_control_plane_agent::NetHandler::claim_static_resources::BUFS 0x24033340 2049
control_plane_agent task_control_plane_agent::SYS              0x0802b01e 2
control_plane_agent task_control_plane_agent::__RINGBUF        0x24031000 1288
control_plane_agent task_control_plane_agent::inventory::SENSOR 0x0802af6e 2
control_plane_agent task_control_plane_agent::inventory::VALIDATE 0x0802af6c 2
control_plane_agent task_control_plane_agent::mgs_common::MgsCommon::vpd_lock_status_all::VPD 0x0802af78 2
control_plane_agent task_control_plane_agent::mgs_common::PACKRAT 0x0802af70 2
control_plane_agent task_control_plane_agent::mgs_common::SENSOR 0x0802af72 2
control_plane_agent task_control_plane_agent::mgs_common::SPROT 0x0802af74 2
control_plane_agent task_control_plane_agent::mgs_common::UPDATE_SERVER 0x0802af76 2
control_plane_agent task_control_plane_agent::mgs_handler::GIMLET_SEQ 0x0802b016 2
control_plane_agent task_control_plane_agent::mgs_handler::HOST_FLASH 0x0802b014 2
control_plane_agent task_control_plane_agent::mgs_handler::MgsHandler::claim_static_resources::BUFS 0x2403191c 6692
control_plane_agent task_control_plane_agent::mgs_handler::UPDATE_MEMORY 0x24031508 1043
control_plane_agent task_control_plane_agent::mgs_handler::USER_LEDS 0x0802b018 2
control_plane_agent task_control_plane_agent::update::host_flash::HOST_FLASH 0x0802af7a 2
control_plane_agent task_control_plane_agent::update::rot::__RINGBUF 0x24033b44 1548
control_plane_agent task_jefe_api::__JEFE_CLIENT_COUNTERS      0x24036570 576
control_plane_agent task_net_api::__NET_CLIENT_COUNTERS        0x240367b0 200
control_plane_agent task_packrat_api::__PACKRAT_CLIENT_COUNTERS 0x24036878 56
control_plane_agent task_sensor_api::__SENSOR_CLIENT_COUNTERS  0x240368b0 88
control_plane_agent task_validate_api::DEVICES                 0x0802e518 1848
control_plane_agent task_validate_api::__VALIDATE_CLIENT_COUNTERS 0x24036908 32
control_plane_agent task_vpd_api::__VPD_CLIENT_COUNTERS        0x24036928 344
control_plane_agent tlvc::CRC                                  0x0802ed20 1028
control_plane_agent userlib::panic::PANIC_BUFFER               0x24036a80 128
sprot              drv_stm32h7_spi_server_core::__RINGBUF     0x2403c000 1068
sprot              drv_stm32h7_sprot_server::SYS              0x0804edb8 2
sprot              drv_stm32h7_sprot_server::__RINGBUF        0x2403cc30 1804
sprot              drv_stm32h7_sprot_server::claim_spi::LOCK_HOLDER 0x2403d408 12
sprot              drv_stm32h7_sprot_server::claim_spi::MUX_INDEX 0x2403d404 4
sprot              drv_stm32h7_sprot_server::claim_spi::TAKEN 0x2403d400 1
sprot              drv_stm32h7_sprot_server::main::BUFS       0x2403c42c 2049
sprot              drv_stm32xx_sys_api::__SYS_CLIENT_COUNTERS 0x2403d33c 68
sprot              userlib::panic::PANIC_BUFFER               0x2403d380 128
validate           task_validate::I2C                         0x080399ac 2
validate           task_validate::__RINGBUF                   0x240523e8 1036
validate           userlib::panic::PANIC_BUFFER               0x240527f4 128
vpd                task_vpd::I2C                              0x0803779c 2
vpd                userlib::panic::PANIC_BUFFER               0x2405c720 128
user_leds          drv_stm32xx_sys_api::__SYS_CLIENT_COUNTERS 0x2405c380 68
user_leds          drv_user_leds::SYS                         0x0806558a 2
dump_agent         drv_sprot_api::__SPROT_CLIENT_COUNTERS     0x240413a8 6980
dump_agent         task_dump_agent::JEFE                      0x0800fdd6 2
dump_agent         task_dump_agent::SPROT                     0x0800fdd4 2
dump_agent         task_dump_agent::__RINGBUF                 0x24040960 44
dump_agent         task_dump_agent::main::NET                 0x0800fdd8 2
dump_agent         task_dump_agent::udp::__RINGBUF            0x24041198 528
dump_agent         task_dump_agent::udp::claim_statics::BUFS  0x24040990 2049
dump_agent         task_jefe_api::__JEFE_CLIENT_COUNTERS      0x24042eec 576
dump_agent         task_net_api::__NET_CLIENT_COUNTERS        0x2404312c 200
dump_agent         userlib::panic::PANIC_BUFFER               0x240431f4 128
sbrmi              drv_i2c_devices::sbrmi::__RINGBUF          0x2405bcec 228
sbrmi              drv_sbrmi::I2C                             0x080667b8 2
sbrmi              drv_sbrmi::__RINGBUF                       0x2405bb20 460
udprpc             task_net_api::__NET_CLIENT_COUNTERS        0x2404d000 200
udprpc             task_udprpc::NET                           0x0807455c 2
udprpc             userlib::panic::PANIC_BUFFER               0x2404d0c8 128
