NAME                 KIND                  VALUE UNPWR   ERR MSSNG UNAVL TMOUT
Southwest            temp                  35.84     0     0     0     0     0
South                temp                  32.48     0     0     0     0     0
Southeast            temp                  29.39     0     0     0     0     0
V12_U2A_A0           current                0.55    42     0     0     0     0
V3P3_U2A_A0          current                0.00    42     0     0     0     0
V12_U2A_A0           voltage               12.09    42     0     0     0     0
V3P3_U2A_A0          voltage                3.33    42     0     0     0     0
U2_N0                temp                  40.00    44     0   63+     0     0
V12_U2B_A0           current                0.53    42     0     0     0     0
V3P3_U2B_A0          current                0.00    42     0     0     0     0
V12_U2B_A0           voltage               12.06    42     0     0     0     0
V3P3_U2B_A0          voltage                3.33    42     0     0     0     0
U2_N1                temp                  41.00    44     0   63+     0     0
V12_U2C_A0           current                0.51    42     0     0     0     0
V3P3_U2C_A0          current                0.00    42     0     0     0     0
V12_U2C_A0           voltage               12.06    42     0     0     0     0
V3P3_U2C_A0          voltage                3.33    42     0     0     0     0
U2_N2                temp                  40.00    44     0   63+     0     0
V12_U2D_A0           current                0.46    42     0     0     0     0
V3P3_U2D_A0          current                0.05    42     0     0     0     0
V12_U2D_A0           voltage               12.08    42     0     0     0     0
V3P3_U2D_A0          voltage                3.33    42     0     0     0     0
U2_N3                temp                  40.00    44     0   63+     0     0
V12_U2E_A0           current                0.06    42     0     0     0     0
V3P3_U2E_A0          current                0.06    42     0     0     0     0
V12_U2E_A0           voltage                0.00    42     0     0     0     0
V3P3_U2E_A0          voltage                0.00    42     0     0     0     0
U2_N4                temp                      -    44     0   63+     0     0
V12_U2F_A0           current                0.08    42     0     0     0     0
V3P3_U2F_A0          current                0.05    42     0     0     0     0
V12_U2F_A0           voltage                0.00    42     0     0     0     0
V3P3_U2F_A0          voltage                0.00    42     0     0     0     0
U2_N5                temp                      -    44     0   63+     0     0
V12_U2G_A0           current                0.05    42     0     0     0     0
V3P3_U2G_A0          current                0.04    42     0     0     0     0
V12_U2G_A0           voltage                0.00    42     0     0     0     0
V3P3_U2G_A0          voltage                0.00    42     0     0     0     0
U2_N6                temp                      -    44     0   63+     0     0
V12_U2H_A0           current                0.01    42     0     0     0     0
V3P3_U2H_A0          current                0.03    42     0     0     0     0
V12_U2H_A0           voltage                0.00    42     0     0     0     0
V3P3_U2H_A0          voltage                0.00    42     0     0     0     0
U2_N7                temp                      -    44     0   63+     0     0
V12_U2I_A0           current                0.00    42     0     0     0     0
V3P3_U2I_A0          current                0.07    42     0     0     0     0
V12_U2I_A0           voltage               12.12    42     0     0     0     0
V3P3_U2I_A0          voltage                3.33    42     0     0     0     0
U2_N8                temp                      -    44     0   63+     0     0
V12_U2J_A0           current                   -    42   63+     0     0     0
V3P3_U2J_A0          current                   -    42   63+     0     0     0
V12_U2J_A0           voltage                   -    42   63+     0     0     0
V3P3_U2J_A0          voltage                   -    42   63+     0     0     0
U2_N9                temp                      -    44     0   63+     0     0
t6                   temp                  43.69    44     0     0     0     0
V3P3_SP_A2           temp                  40.25     0     0     0     0     0
V3P3_SP_A2           current                0.45     0     0     0     0     0
V3P3_SP_A2           voltage                3.31     0     0     0     0     0
V3P3_SYS_A0          temp                  43.00    42     0     0     0     0
V3P3_SYS_A0          current                1.78    42     0     0     0     0
V3P3_SYS_A0          voltage                3.31    42     0     0     0     0
V5_SYS_A2            temp                  43.00     0     0     0     0     0
V5_SYS_A2            current                0.86     0     0     0     0     0
V5_SYS_A2            voltage                4.98     0     0     0     0     0
V1P8_SYS_A2          temp                  42.25     0     0     0     0     0
V1P8_SYS_A2          current                5.38     0     0     0     0     0
V1P8_SYS_A2          voltage                1.80     0     0     0     0     0
V3P3_M2A_A0HP        current                0.79    42     0     0     0     0
V3P3_M2B_A0HP        current                0.89    42     0     0     0     0
V3P3_M2A_A0HP        voltage                3.33    42     0     0     0     0
V3P3_M2B_A0HP        voltage                3.31    42     0     0     0     0
CPU                  temp                  81.38    44     0     0     0     0
VDD_VCORE            temp                  49.00    42     0     0     0     0
VDD_MEM_ABCD         temp                  51.00    42     0     0     0     0
VDD_VCORE            power                     -     0     0     0     0     0
VDD_MEM_ABCD         power                     -     0     0     0     0     0
VDD_VCORE            current               27.70    42     0     0     0     0
VDD_MEM_ABCD         current               29.60    42     0     0     0     0
VDD_VCORE            voltage                1.14    42     0     0     0     0
VDD_MEM_ABCD         voltage                1.22    42     0     0     0     0
VDDCR_SOC            temp                  52.00    42     0     0     0     0
VDD_MEM_EFGH         temp                  54.00    42     0     0     0     0
VDDCR_SOC            power                     -     0     0     0     0     0
VDD_MEM_EFGH         power                     -     0     0     0     0     0
VDDCR_SOC            current               20.20    42     0     0     0     0
VDD_MEM_EFGH         current               25.80    42     0     0     0     0
VDDCR_SOC            voltage                0.89    42     0     0     0     0
VDD_MEM_EFGH         voltage                1.23    42     0     0     0     0
VPP_ABCD             current                0.50    42     0     0     0     0
VPP_EFGH             current                0.50    42     0     0     0     0
V1P8_SP3             current                1.40    42     0     0     0     0
VPP_ABCD             voltage                2.50    42     0     0     0     0
VPP_EFGH             voltage                2.50    42     0     0     0     0
V1P8_SP3             voltage                1.80    42     0     0     0     0
V54_FAN              temp                  35.93     0     0     0     0     0
V54_FAN              current                0.10     0     0     0     0     0
V54_FAN              voltage               53.87     0     0     0     0     0
V54_HS_OUTPUT        temp                  35.21     0     0     0     0     0
V54_HS_OUTPUT        current                4.06     0     0     0     0     0
V54_HS_OUTPUT        voltage               53.87     0     0     0     0     0
Southeast            speed               2323.00     0     0     0     0     0
Northeast            speed               2189.00     0     0     0     0     0
South                speed               2280.00     0     0     0     0     0
North                speed               2244.00     0     0     0     0     0
Southwest            speed                  0.00     0     0     0     0     0
Northwest            speed                  0.00     0     0     0     0     0
V0P96_NIC_VDD_A0HP   temp                  43.00    42     0     0     0     0
V0P96_NIC_VDD_A0HP   current                6.15    42     0     0     0     0
V0P96_NIC_VDD_A0HP   voltage                0.96    42     0     0     0     0
Northeast            temp                  36.98     0     0     0     0     0
North                temp                  28.70     0     0     0     0     0
Northwest            temp                  27.77     0     0     0     0     0
V12_SYS_A2           temp                  45.75     0     0     0     0     0
V12_SYS_A2           power                     -     0     0     0     0     0
V12_SYS_A2           current               17.00     0     0     0     0     0
V12_SYS_A2           voltage               12.00     0     0     0     0     0
DIMM_A0              temp                  48.75     0     0     0     0     0
DIMM_A1              temp                  49.50     0     0     0     0     0
DIMM_B0              temp                  49.25     0     0     0     0     0
DIMM_B1              temp                  48.50     0     0     0     0     0
DIMM_C0              temp                  47.00     0     0     0     0     0
DIMM_C1              temp                  45.75     0     0     0     0     0
DIMM_D0              temp                  45.00     0     0     0     0     0
DIMM_D1              temp                  42.75     0     0     0     0     0
DIMM_E0              temp                  42.00     0     0     0     0     0
DIMM_E1              temp                  41.75     0     0     0     0     0
DIMM_F0              temp                  41.25     0     0     0     0     0
DIMM_F1              temp                  40.75     0     0     0     0     0
DIMM_G0              temp                  40.00     0     0     0     0     0
DIMM_G1              temp                  39.25     0     0     0     0     0
DIMM_H0              temp                  39.00     0     0     0     0     0
DIMM_H1              temp                  38.75     0     0     0     0     0
M2_A                 temp                  54.00   63+     1     1     0     0
M2_B                 temp                  42.00   63+     1     1     0     0
