   R0 = 0x20000780 <- kernel: 0x20000400+0x380
   R1 = 0x00000007
   R2 = 0x00000007
   R3 = 0x00000000
   R4 = 0x00000000
   R5 = 0x00000000
   R6 = 0x00000000
   R7 = 0x00000007
   R8 = 0x00000000
   R9 = 0x00000000
  R10 = 0x00000000
  R11 = 0x00000007
  R12 = 0x20002338 <- usart_driver: 0x20002000+0x338
   SP = 0x20000310 <- kernel: 0x20000000+0x310
   LR = 0xfffffffd
   PC = 0x08004928 <- kernel: SVCall+0x40
  PSR = 0x6100000b <- 0110_0001_0000_0000_0000_0000_0000_1011
                      |||| | ||         |       |           |
                      |||| | ||         |       |           + Exception = 0xb
                      |||| | ||         |       +------------ IC/IT = 0x0
                      |||| | ||         +-------------------- GE = 0x0
                      |||| | |+------------------------------ T = 1
                      |||| | +------------------------------- IC/IT = 0x0
                      |||| +--------------------------------- Q = 0
                      |||+----------------------------------- V = 0
                      ||+------------------------------------ C = 1
                      |+------------------------------------- Z = 1
                      +-------------------------------------- N = 0

  MSP = 0x20000310 <- kernel: 0x20000000+0x310
  PSP = 0x20002338 <- usart_driver: 0x20002000+0x338
  SPR = 0x01000000 <- 0000_0001_0000_0000_0000_0000_0000_0000
                            |||         |         |         |
                            |||         |         |         + PRIMASK = 0
                            |||         |         +---------- BASEPRI = 0x0
                            |||         +-------------------- FAULTMASK = 0
                            ||+------------------------------ CONTROL.nPRIV = 1
                            |+------------------------------- CONTROL.SPSEL = 0
                            +-------------------------------- CONTROL.FPCA = 0

