   R0 = 0xe0000004
   R1 = 0x00012008 <- jefe: 0x10000+0x2008
   R2 = 0x0000001d <- kernel: __EXCEPTIONS+0x15
   R3 = 0x00000007 <- kernel: __RESET_VECTOR+0x3
   R4 = 0x00000003 <- kernel: 0x0+0x3
   R5 = 0x00012014 <- jefe: 0x10000+0x2014
   R6 = 0x00000000 <- kernel: 0x0+0x0
   R7 = 0x20001288 <- jefe: 0x20001000+0x288
   R8 = 0x200012a8 <- jefe: 0x20001000+0x2a8
   R9 = 0x00000003 <- kernel: 0x0+0x3
  R10 = 0x200013b0 <- jefe: 0x20001000+0x3b0
  R11 = 0x00000002 <- kernel: 0x0+0x2
  R12 = 0x0000ff9c
   SP = 0x20001278 <- jefe: 0x20001000+0x278
   LR = 0x0001013f <- jefe: write_str<cortex_m::itm::Port>+0xd
   PC = 0x000115b6 <- jefe: write_all+0x44
  PSR = 0x41000000 <- 0100_0001_0000_0000_0000_0000_0000_0000
                      |||| | ||         |       |           |
                      |||| | ||         |       |           + Exception = 0x0
                      |||| | ||         |       +------------ IC/IT = 0x0
                      |||| | ||         +-------------------- GE = 0x0
                      |||| | |+------------------------------ T = 1
                      |||| | +------------------------------- IC/IT = 0x0
                      |||| +--------------------------------- Q = 0
                      |||+----------------------------------- V = 0
                      ||+------------------------------------ C = 0
                      |+------------------------------------- Z = 1
                      +-------------------------------------- N = 0

  MSP = 0x20000f58 <- kernel: 0x20000000+0xf58
  PSP = 0x20001278 <- jefe: 0x20001000+0x278
  SPR = 0x07000000 <- 0000_0111_0000_0000_0000_0000_0000_0000
                            |||         |         |         |
                            |||         |         |         + PRIMASK = 0
                            |||         |         +---------- BASEPRI = 0x0
                            |||         +-------------------- FAULTMASK = 0
                            ||+------------------------------ CONTROL.nPRIV = 1
                            |+------------------------------- CONTROL.SPSEL = 1
                            +-------------------------------- CONTROL.FPCA = 1

