pong:
    ADDR        SIZE VARIABLE
    0x24001600    32 drv_user_leds_api::__USERLEDS_CLIENT_COUNTERS
sys:
    ADDR        SIZE VARIABLE
    0x24000a00   600 task_jefe_api::__JEFE_CLIENT_COUNTERS
user_leds:
    ADDR        SIZE VARIABLE
    0x24001a00    68 drv_stm32xx_sys_api::__SYS_CLIENT_COUNTERS
