humility: ring buffer drv_i2c_devices::adm1272::__RINGBUF in power:
 NDX LINE      GEN    COUNT PAYLOAD
   0   91        1        1 Config(CommandData(0x3f3f))
   1  138        1        1 Coefficients(Coefficients { m: 0xfde, b: 0x0, R: 0xfe })
   2  156        1        1 Coefficients(Coefficients { m: 0x297, b: 0x5000, R: 0xff })
   3  184        1        1 Coefficients(Coefficients { m: 0x2927, b: 0x0, R: 0xfd })
humility: ring buffer drv_stm32h7_i2c::__RINGBUF in i2c_driver:
 NDX LINE      GEN    COUNT PAYLOAD
   9  359     7779        1 WaitISR(0x21)
  10  445     7779        1 WriteISR(0x21)
  11  445     7779        2 WriteISR(0x8021)
  12  445     7779        1 WriteISR(0x8023)
  13  483     7779        1 WriteWaitISR(0x8020)
  14  483     7779        2 WriteWaitISR(0x8021)
  15  483     7779        1 WriteWaitISR(0x8061)
  16  553     7779        2 ReadISR(0x8021)
  17  553     7779        1 ReadISR(0x8025)
  18  553     7779        2 ReadISR(0x8021)
  19  553     7779        1 ReadISR(0x8025)
  20  596     7779        2 ReadWaitISR(0x8021)
  21  596     7779        1 ReadWaitISR(0x8061)
  22  359     7779        1 WaitISR(0x21)
  23  445     7779        1 WriteISR(0x21)
  24  445     7779        2 WriteISR(0x8021)
  25  445     7779        1 WriteISR(0x8023)
  26  483     7779        1 WriteWaitISR(0x8020)
  27  483     7779        2 WriteWaitISR(0x8021)
  28  483     7779        1 WriteWaitISR(0x8061)
  29  553     7779        2 ReadISR(0x8021)
  30  553     7779        1 ReadISR(0x8025)
  31  553     7779        2 ReadISR(0x8021)
  32  553     7779        1 ReadISR(0x8025)
  33  596     7779        2 ReadWaitISR(0x8021)
  34  596     7779        1 ReadWaitISR(0x8061)
  35  359     7779        1 WaitISR(0x21)
  36  445     7779        1 WriteISR(0x21)
  37  445     7779        2 WriteISR(0x8021)
  38  445     7779        1 WriteISR(0x8023)
  39  483     7779        1 WriteWaitISR(0x8020)
  40  483     7779        2 WriteWaitISR(0x8021)
  41  483     7779        1 WriteWaitISR(0x8061)
  42  553     7779        2 ReadISR(0x8021)
  43  553     7779        1 ReadISR(0x8025)
  44  596     7779        2 ReadWaitISR(0x8021)
  45  596     7779        1 ReadWaitISR(0x8061)
  46  359     7779        1 WaitISR(0x21)
  47  445     7779        1 WriteISR(0x21)
   0  445     7780        2 WriteISR(0x8021)
   1  445     7780        1 WriteISR(0x8023)
   2  483     7780        1 WriteWaitISR(0x8020)
   3  483     7780        2 WriteWaitISR(0x8021)
   4  483     7780        1 WriteWaitISR(0x8061)
   5  553     7780        2 ReadISR(0x8021)
   6  553     7780        1 ReadISR(0x8025)
   7  596     7780        2 ReadWaitISR(0x8021)
   8  596     7780        1 ReadWaitISR(0x8061)
humility: ring buffer drv_stm32h7_i2c::__RINGBUF in spd:
 NDX LINE      GEN    COUNT PAYLOAD
  19  798     1003        1 RxISR(0x328005)
  20  836     1003        1 RxNack(0x19, 0xa0)
  21  798     1003        1 RxISR(0x328001)
  22  842     1003        1 WaitRx
  23  798     1003        1 RxISR(0x320021)
  24  850     1003        1 TxISR(0x320001)
  25  903     1003        1 WaitTx
  26  850     1003        1 TxISR(0x320001)
  27  903     1003        1 WaitTx
  28  850     1003        1 TxISR(0x320001)
  29  903     1003        1 WaitTx
  30  850     1003        1 TxISR(0x328009)
  31  760     1003        1 AddrISR(0x328009)
  32  768     1003        1 AddrMatch
  33  792     1003        1 AddrNack(0x19)
  34  798     1003        1 RxISR(0x328001)
  35  842     1003        1 WaitRx
  36  798     1003        1 RxISR(0x328001)
  37  842     1003        1 WaitRx
  38  798     1003        1 RxISR(0x328001)
  39  842     1003        1 WaitRx
  40  798     1003        1 RxISR(0x328005)
  41  836     1003        1 RxNack(0x19, 0x1)
  42  798     1003        1 RxISR(0x328001)
  43  842     1003        1 WaitRx
  44  798     1003        1 RxISR(0x328001)
  45  842     1003        1 WaitRx
  46  798     1003        1 RxISR(0x328001)
  47  842     1003        1 WaitRx
   0  798     1004        1 RxISR(0x328005)
   1  836     1004        1 RxNack(0x19, 0x4)
   2  798     1004        1 RxISR(0x328001)
   3  842     1004        1 WaitRx
   4  798     1004        1 RxISR(0x328001)
   5  842     1004        1 WaitRx
   6  798     1004        1 RxISR(0x328001)
   7  842     1004        1 WaitRx
   8  798     1004        1 RxISR(0x328005)
   9  836     1004        1 RxNack(0x19, 0x8)
  10  798     1004        1 RxISR(0x328001)
  11  842     1004        1 WaitRx
  12  798     1004        1 RxISR(0x320021)
  13  850     1004        1 TxISR(0x320001)
  14  903     1004        1 WaitTx
  15  850     1004        1 TxISR(0x320001)
  16  903     1004        1 WaitTx
  17  850     1004        1 TxISR(0x320001)
  18  903     1004        1 WaitTx
humility: ring buffer drv_stm32h7_i2c_server::__RINGBUF in i2c_driver:
 NDX LINE      GEN    COUNT PAYLOAD
   0  115        1       56 Some(NoDevice)
   1  115        1        1 Some(BusLocked)
   2  115        1     1266 Some(NoDevice)
