humility: attached to dump
humility sensors failed: could not find LAST_READING
