DESC       LOW          HIGH          SIZE ATTR  ID TASK
-          0x08000000 - 0x080002e7     744 r---- -  kernel
-          0x080002e8 - 0x08004727   17KiB r-x-- -  kernel
-          0x08004728 - 0x08005def    5KiB r---- -  kernel
-          0x08005df4 - 0x08007fff    8KiB rw--- -  kernel
0x08005be0 0x08008000 - 0x0800ffff   32KiB r-x-- 7  thermal
0x08005c28 0x08010000 - 0x0801ffff   64KiB r-x-- 10 gimlet_seq
0x08005b44 0x08020000 - 0x0803ffff  128KiB r-x-- 1  net
0x08005d0c 0x08040000 - 0x0805ffff  128KiB r-x-- 19 control_plane_agent
0x08005bf8 0x08060000 - 0x08067fff   32KiB r-x-- 8  power
0x08005c10 0x08068000 - 0x0806ffff   32KiB r-x-- 9  hiffy
0x08005cac 0x08070000 - 0x08077fff   32KiB r-x-- 15 host_sp_comms
0x08005d24 0x08078000 - 0x0807ffff   32KiB r-x-- 20 sprot
0x08005b08 0x08080000 - 0x08083fff   16KiB r-x-- 0  jefe
0x08005b80 0x08084000 - 0x08087fff   16KiB r-x-- 3  spi2_driver
0x08005b98 0x08088000 - 0x0808bfff   16KiB r-x-- 4  i2c_driver
0x08005bb0 0x0808c000 - 0x0808ffff   16KiB r-x-- 5  spd
0x08005c40 0x08090000 - 0x08093fff   16KiB r-x-- 11 hash_driver
0x08005c58 0x08094000 - 0x08097fff   16KiB r-x-- 12 hf
0x08005c7c 0x08098000 - 0x0809bfff   16KiB r-x-- 13 update_server
0x08005cc4 0x0809c000 - 0x0809ffff   16KiB r-x-- 16 udpecho
0x08005cf4 0x080a0000 - 0x080a3fff   16KiB r-x-- 18 udprpc
0x08005d3c 0x080a4000 - 0x080a7fff   16KiB r-x-- 21 validate
0x08005bc8 0x080a8000 - 0x080a9fff    8KiB r-x-- 6  packrat
0x08005c94 0x080aa000 - 0x080abfff    8KiB r-x-- 14 sensor
0x08005cdc 0x080ac000 - 0x080adfff    8KiB r-x-- 17 udpbroadcast
0x08005d54 0x080ae000 - 0x080affff    8KiB r-x-- 22 vpd
0x08005d84 0x080b0000 - 0x080b1fff    8KiB r-x-- 24 dump_agent
0x08005dc0 0x080b2000 - 0x080b3fff    8KiB r-x-- 25 sbrmi
0x08005b68 0x080b4000 - 0x080b47ff    2KiB r-x-- 2  sys
0x08005d6c 0x080b4800 - 0x080b4bff    1KiB r-x-- 23 user_leds
0x08005dd8 0x080b4c00 - 0x080b4c7f     128 r-x-- 26 idle
0x08005a18 0x080b4d00 - 0x080b4dff     256 r---- 19 control_plane_agent
0x08005c70 0x08100000 - 0x081fffff 1024KiB rw--m 13 update_server
0x08005ad8 0x1ff00000 - 0x1ff1ffff  128KiB rw-d- 2  [system_flash] sys
-          0x24000000 - 0x240003ff    1KiB rw--- -  kernel
-          0x24000400 - 0x24000403       4 rw--- -  kernel
-          0x24000408 - 0x24001fff    6KiB rw--- -  kernel
0x08005bec 0x24002000 - 0x24003fff    8KiB rw--- 7  thermal
0x08005bbc 0x24004000 - 0x24007fff   16KiB rw--- 5  spd
0x08005b50 0x24008000 - 0x2400ffff   32KiB rw--- 1  net
0x08005c1c 0x24010000 - 0x24017fff   32KiB rw--- 9  hiffy
0x08005cb8 0x24018000 - 0x2401ffff   32KiB rw--- 15 host_sp_comms
0x08005d18 0x24020000 - 0x24027fff   32KiB rw--- 19 control_plane_agent
0x08005d30 0x24028000 - 0x2402ffff   32KiB rw--- 20 sprot
0x08005c34 0x24030000 - 0x24031fff    8KiB rw--- 10 gimlet_seq
0x08005ca0 0x24032000 - 0x24033fff    8KiB rw--- 14 sensor
0x08005cd0 0x24034000 - 0x24035fff    8KiB rw--- 16 udpecho
0x08005d00 0x24036000 - 0x24037fff    8KiB rw--- 18 udprpc
0x08005b8c 0x24038000 - 0x24038fff    4KiB rw--- 3  spi2_driver
0x08005c04 0x24039000 - 0x24039fff    4KiB rw--- 8  power
0x08005c4c 0x2403a000 - 0x2403afff    4KiB rw--- 11 hash_driver
0x08005c64 0x2403b000 - 0x2403bfff    4KiB rw--- 12 hf
0x08005c88 0x2403c000 - 0x2403cfff    4KiB rw--- 13 update_server
0x08005ce8 0x2403d000 - 0x2403dfff    4KiB rw--- 17 udpbroadcast
0x08005d48 0x2403e000 - 0x2403efff    4KiB rw--- 21 validate
0x08005b14 0x2403f000 - 0x2403f7ff    2KiB rw--- 0  jefe
0x08005ba4 0x2403f800 - 0x2403ffff    2KiB rw--- 4  i2c_driver
0x08005bd4 0x24040000 - 0x240407ff    2KiB rw--- 6  packrat
0x08005d90 0x24040800 - 0x24040fff    2KiB rw--- 24 dump_agent
0x08005dcc 0x24041000 - 0x240417ff    2KiB rw--- 25 sbrmi
0x08005b74 0x24041800 - 0x24041bff    1KiB rw--- 2  sys
0x08005d60 0x24041c00 - 0x24041fff    1KiB rw--- 22 vpd
0x08005d78 0x24042000 - 0x240423ff    1KiB rw--- 23 user_leds
0x08005de4 0x24042400 - 0x240424ff     256 rw--- 26 idle
0x08005b5c 0x30000000 - 0x30003fff   16KiB rw--m 1  net
0x08005b20 0x30020000 - 0x3003ffff  128KiB rw--m 0  jefe, dump_agent
0x08005b2c 0x30040000 - 0x30047fff   32KiB rw--m 0  jefe, dump_agent
0x08005b38 0x38000000 - 0x3800ffff   64KiB rw--m 0  jefe, dump_agent
0x08005ac0 0x40003800 - 0x40003bff    1KiB rw-d- 3  [spi2] spi2_driver
0x08005a78 0x40005400 - 0x400057ff    1KiB rw-d- 5  [i2c1] spd
0x08005a84 0x40005800 - 0x40005bff    1KiB rw-d- 4  [i2c2] i2c_driver
0x08005a90 0x40005c00 - 0x40005fff    1KiB rw-d- 4  [i2c3] i2c_driver
0x08005af0 0x40007800 - 0x40007bff    1KiB rw-d- 15 [uart7] host_sp_comms
0x08005afc 0x40011000 - 0x400113ff    1KiB rw-d- 19 [usart1] control_plane_agent
0x08005acc 0x40013400 - 0x400137ff    1KiB rw-d- 20 [spi4] sprot
0x08005ae4 0x40014400 - 0x400147ff    1KiB rw-d- 1  [tim16] net
0x08005a24 0x40028000 - 0x40028fff    4KiB rw-d- 1  [eth] net
0x08005a30 0x40029000 - 0x400293ff    1KiB rw-d- 1  [eth_dma] net
0x08005a6c 0x48021400 - 0x480223ff    4KiB rw-d- 11 [hash] hash_driver
0x08005a3c 0x52002000 - 0x52003fff    8KiB rw-d- 13 [flash_controller] update_server
0x08005aa8 0x52005000 - 0x52005fff    4KiB rw-d- 12 [quadspi] hf
0x08005a9c 0x58001c00 - 0x58001fff    1KiB rw-d- 4  [i2c4] i2c_driver
0x08005a48 0x58020000 - 0x58021fff    8KiB rw-d- 2  [gpios1] sys
0x08005a54 0x58022000 - 0x580227ff    2KiB rw-d- 2  [gpios2] sys
0x08005a60 0x58022800 - 0x58022bff    1KiB rw-d- 2  [gpios3] sys
0x08005ab4 0x58024400 - 0x580247ff    1KiB rw-d- 2  [rcc] sys
