DESC       LOW          HIGH          SIZE ATTR   ID TASK
-          0x08000000 - 0x08000297     664 r----- -  kernel
-          0x08000298 - 0x08003f4b   15KiB r-x--- -  kernel
-          0x08003f4c - 0x08004afb    2KiB r----- -  kernel
-          0x08004afc - 0x08004f2b    1KiB r----- -  kernel
0x08004bdc 0x08008000 - 0x0800bfff   16KiB r-x--- 0  jefe
0x08004bfc 0x0800c000 - 0x0800dfff    8KiB r-x--- 1  rcc_driver
0x08004c1c 0x0800e000 - 0x0800ffff    8KiB r-x--- 2  gpio_driver
0x08004c3c 0x08010000 - 0x08011fff    8KiB r-x--- 3  usart_driver
0x08004c5c 0x08014000 - 0x08017fff   16KiB r-x--- 4  i2c_driver
0x08004c7c 0x08018000 - 0x0801bfff   16KiB r-x--- 5  spd
0x08004c9c 0x0801c000 - 0x0801ffff   16KiB r-x--- 6  spi_driver
0x08004cbc 0x08020000 - 0x08021fff    8KiB r-x--- 7  spi
0x08004cdc 0x08022000 - 0x08023fff    8KiB r-x--- 8  user_leds
0x08004cfc 0x08024000 - 0x08025fff    8KiB r-x--- 9  pong
0x08004d1c 0x08028000 - 0x0802ffff   32KiB r-x--- 10 i2c_debug
0x08004d3c 0x08030000 - 0x0803ffff   64KiB r-x--- 11 thermal
0x08004d5c 0x08040000 - 0x080400ff     256 r-x--- 12 idle
-          0x20000000 - 0x20000fff    4KiB rw---- -  kernel
0x08004bec 0x20001000 - 0x200017ff    2KiB rw---- 0  jefe
0x08004c0c 0x20001800 - 0x20001bff    1KiB rw---- 1  rcc_driver
0x08004c2c 0x20001c00 - 0x20001fff    1KiB rw---- 2  gpio_driver
0x08004c4c 0x20002000 - 0x200023ff    1KiB rw---- 3  usart_driver
0x08004c6c 0x20002800 - 0x20002fff    2KiB rw---- 4  i2c_driver
0x08004c8c 0x20003000 - 0x200037ff    2KiB rw---- 5  spd
0x08004cac 0x20003800 - 0x20003bff    1KiB rw---- 6  spi_driver
0x08004ccc 0x20004000 - 0x200047ff    2KiB rw---- 7  spi
0x08004cec 0x20004800 - 0x20004bff    1KiB rw---- 8  user_leds
0x08004d0c 0x20004c00 - 0x20004fff    1KiB rw---- 9  pong
0x08004d2c 0x20006000 - 0x20007fff    8KiB rw---- 10 i2c_debug
0x08004d4c 0x20008000 - 0x20009fff    8KiB rw---- 11 thermal
0x08004d6c 0x2000a000 - 0x2000a0ff     256 rw---- 12 idle
0x08004b6c 0x40003800 - 0x40003bff    1KiB rw-d-- 6  [spi2] spi_driver
0x08004b8c 0x40004800 - 0x40004bff    1KiB rw-d-- 3  [usart3] usart_driver
0x08004b9c 0x40005400 - 0x400057ff    1KiB rw-d-- 4  [i2c1] i2c_driver
0x08004bac 0x40005800 - 0x40005bff    1KiB rw-d-- 5  [i2c2] spd
0x08004bbc 0x40005c00 - 0x40005fff    1KiB rw-d-- 4  [i2c3] i2c_driver
0x08004b7c 0x40013400 - 0x400137ff    1KiB rw-d-- 6  [spi4] spi_driver
0x08004bcc 0x58001c00 - 0x58001fff    1KiB rw-d-- 4  [i2c4] i2c_driver
0x08004b3c 0x58020000 - 0x58021fff    8KiB rw-d-- 2  [gpios1] gpio_driver
0x08004b4c 0x58022000 - 0x580227ff    2KiB rw-d-- 2  [gpios2] gpio_driver
0x08004b5c 0x58022800 - 0x58022bff    1KiB rw-d-- 2  [gpios3] gpio_driver
0x08004b2c 0x58024400 - 0x580247ff    1KiB rw-d-- 1  [rcc] rcc_driver
