humility: ring buffer drv_i2c_devices::adm1272::__RINGBUF in power:
 NDX LINE      GEN    COUNT PAYLOAD
   0  104       61        1 WriteConfig(CommandData(0x3f3d))
   1  104       61        1 WriteConfig(CommandData(0x3f37))
   2  104       61        1 WriteConfig(CommandData(0x3f3d))
   3  104       61        1 WriteConfig(CommandData(0x3f37))
   4  104       61        1 WriteConfig(CommandData(0x3f3d))
   5  104       61        1 WriteConfig(CommandData(0x3f37))
   6  104       61        1 WriteConfig(CommandData(0x3f3d))
   7  104       61        1 WriteConfig(CommandData(0x3f37))
   8  104       61        1 WriteConfig(CommandData(0x3f3d))
   9  104       61        1 WriteConfig(CommandData(0x3f37))
  10  104       61        1 WriteConfig(CommandData(0x3f3d))
  11  104       61        1 WriteConfig(CommandData(0x3f37))
  12  104       61        1 WriteConfig(CommandData(0x3f3d))
  13  104       61        1 WriteConfig(CommandData(0x3f37))
  14  104       61        1 WriteConfig(CommandData(0x3f3d))
  15  104       61        1 WriteConfig(CommandData(0x3f37))
  16  104       61        1 WriteConfig(CommandData(0x3f3d))
  17  104       61        1 WriteConfig(CommandData(0x3f37))
  18  104       61        1 WriteConfig(CommandData(0x3f3d))
  19  104       61        1 WriteConfig(CommandData(0x3f37))
  20  104       61        1 WriteConfig(CommandData(0x3f3d))
  21  104       61        1 WriteConfig(CommandData(0x3f37))
  22  104       61        1 WriteConfig(CommandData(0x3f3d))
  23  104       61        1 WriteConfig(CommandData(0x3f37))
  24  104       61        1 WriteConfig(CommandData(0x3f3d))
  25  104       61        1 WriteConfig(CommandData(0x3f37))
  26  104       61        1 WriteConfig(CommandData(0x3f3d))
  27  104       61        1 WriteConfig(CommandData(0x3f37))
  28  104       61        1 WriteConfig(CommandData(0x3f3d))
  29  104       61        1 WriteConfig(CommandData(0x3f37))
  30  104       61        1 WriteConfig(CommandData(0x3f3d))
  31  104       61        1 WriteConfig(CommandData(0x3f37))
humility: ring buffer drv_stm32h7_i2c::__RINGBUF in i2c_driver:
 NDX LINE      GEN    COUNT PAYLOAD
  35  514     7114        1 WriteWaitISR(0x8020)
  36  514     7114        2 WriteWaitISR(0x8021)
  37  514     7114        1 WriteWaitISR(0x8061)
  38  576     7114        2 ReadISR(0x8021)
  39  576     7114        1 ReadISR(0x8025)
  40  576     7114        2 ReadISR(0x8021)
  41  576     7114        1 ReadISR(0x8025)
  42  611     7114        3 ReadWaitISR(0x8021)
  43  611     7114        1 ReadWaitISR(0x8061)
  44  394     7114        1 WaitISR(0x21)
  45  484     7114        1 WriteISR(0x21)
  46  484     7114        2 WriteISR(0x8021)
  47  484     7114        1 WriteISR(0x8023)
   0  514     7115        1 WriteWaitISR(0x8020)
   1  514     7115        2 WriteWaitISR(0x8021)
   2  514     7115        1 WriteWaitISR(0x8061)
   3  576     7115        2 ReadISR(0x8021)
   4  576     7115        1 ReadISR(0x8025)
   5  576     7115        2 ReadISR(0x8021)
   6  576     7115        1 ReadISR(0x8025)
   7  611     7115        3 ReadWaitISR(0x8021)
   8  611     7115        1 ReadWaitISR(0x8061)
   9  394     7115        1 WaitISR(0x21)
  10  484     7115        1 WriteISR(0x21)
  11  484     7115        2 WriteISR(0x8021)
  12  484     7115        1 WriteISR(0x8023)
  13  514     7115        1 WriteWaitISR(0x8020)
  14  514     7115        2 WriteWaitISR(0x8021)
  15  514     7115        1 WriteWaitISR(0x8061)
  16  576     7115        2 ReadISR(0x8021)
  17  576     7115        1 ReadISR(0x8025)
  18  576     7115        2 ReadISR(0x8021)
  19  576     7115        1 ReadISR(0x8025)
  20  611     7115        3 ReadWaitISR(0x8021)
  21  611     7115        1 ReadWaitISR(0x8061)
  22  394     7115        1 WaitISR(0x21)
  23  484     7115        1 WriteISR(0x21)
  24  484     7115        2 WriteISR(0x8021)
  25  484     7115        1 WriteISR(0x8023)
  26  514     7115        1 WriteWaitISR(0x8020)
  27  514     7115        2 WriteWaitISR(0x8021)
  28  514     7115        1 WriteWaitISR(0x8061)
  29  576     7115        2 ReadISR(0x8021)
  30  576     7115        1 ReadISR(0x8025)
  31  576     7115        2 ReadISR(0x8021)
  32  576     7115        1 ReadISR(0x8025)
  33  611     7115        3 ReadWaitISR(0x8021)
  34  611     7115        1 ReadWaitISR(0x8061)
humility: ring buffer drv_stm32h7_i2c::__RINGBUF in spd:
 NDX LINE      GEN    COUNT PAYLOAD
   0  764        1        1 AddrISR(0x1)
   1  787        1        1 WaitAddr
humility: ring buffer drv_stm32h7_i2c_server::__RINGBUF in i2c_driver:
 NDX LINE      GEN    COUNT PAYLOAD
  10  134       92        1 None
  11  112       92        1 Some(NoDevice)
  12  112       92        1 Some(BusLocked)
  13  134       92        1 None
  14  112       92        1 Some(NoDevice)
  15  112       92        1 Some(BusLocked)
   0  134       93        1 None
   1  112       93        1 Some(NoDevice)
   2  112       93        1 Some(BusLocked)
   3  134       93        1 None
   4  112       93        1 Some(NoDevice)
   5  112       93        1 Some(BusLocked)
   6  134       93        1 None
   7  112       93        1 Some(NoDevice)
   8  112       93        1 Some(BusLocked)
   9  134       93        1 None
