humility: ring buffer drv_i2c_devices::adm1272::__RINGBUF in power:
 NDX LINE      GEN    COUNT PAYLOAD
  28  116      117        1 WriteConfig(CommandData(0x3f3d))
  29  116      117        1 WriteConfig(CommandData(0x3f37))
  30  116      117        1 WriteConfig(CommandData(0x3f3d))
  31  116      117        1 WriteConfig(CommandData(0x3f37))
   0  116      118        1 WriteConfig(CommandData(0x3f3d))
   1  116      118        1 WriteConfig(CommandData(0x3f37))
   2  116      118        1 WriteConfig(CommandData(0x3f3d))
   3  116      118        1 WriteConfig(CommandData(0x3f37))
   4  116      118        1 WriteConfig(CommandData(0x3f3d))
   5  116      118        1 WriteConfig(CommandData(0x3f37))
   6  116      118        1 WriteConfig(CommandData(0x3f3d))
   7  116      118        1 WriteConfig(CommandData(0x3f37))
   8  116      118        1 WriteConfig(CommandData(0x3f3d))
   9  116      118        1 WriteConfig(CommandData(0x3f37))
  10  116      118        1 WriteConfig(CommandData(0x3f3d))
  11  116      118        1 WriteConfig(CommandData(0x3f37))
  12  116      118        1 WriteConfig(CommandData(0x3f3d))
  13  116      118        1 WriteConfig(CommandData(0x3f37))
  14  116      118        1 WriteConfig(CommandData(0x3f3d))
  15  116      118        1 WriteConfig(CommandData(0x3f37))
  16  116      118        1 WriteConfig(CommandData(0x3f3d))
  17  116      118        1 WriteConfig(CommandData(0x3f37))
  18  116      118        1 WriteConfig(CommandData(0x3f3d))
  19  116      118        1 WriteConfig(CommandData(0x3f37))
  20  116      118        1 WriteConfig(CommandData(0x3f3d))
  21  116      118        1 WriteConfig(CommandData(0x3f37))
  22  116      118        1 WriteConfig(CommandData(0x3f3d))
  23  116      118        1 WriteConfig(CommandData(0x3f37))
  24  116      118        1 WriteConfig(CommandData(0x3f3d))
  25  116      118        1 WriteConfig(CommandData(0x3f37))
  26  116      118        1 WriteConfig(CommandData(0x3f3d))
  27  116      118        1 WriteConfig(CommandData(0x3f37))
humility: ring buffer drv_i2c_devices::max31790::__RINGBUF in thermal:
humility: ring buffer drv_i2c_devices::sbrmi::__RINGBUF in sbrmi:
humility: ring buffer drv_stm32xx_i2c::__RINGBUF in i2c_driver:
 NDX LINE      GEN    COUNT PAYLOAD
  24  668    52565        1 ReadISR(0x8025)
  25  711    52565        1 ReadWaitISR(0x8061)
  26  487    52565        1 WaitISR(0x21)
  27  573    52565        1 WriteISR(0x21)
  28  573    52565        2 WriteISR(0x8021)
  29  573    52565        1 WriteISR(0x8023)
  30  603    52565        1 WriteWaitISR(0x8020)
  31  603    52565        2 WriteWaitISR(0x8021)
  32  603    52565        1 WriteWaitISR(0x8061)
  33  668    52565        2 ReadISR(0x8021)
  34  668    52565        1 ReadISR(0x8025)
  35  711    52565        1 ReadWaitISR(0x8061)
  36  487    52565        1 WaitISR(0x21)
  37  573    52565        1 WriteISR(0x21)
  38  573    52565        2 WriteISR(0x8021)
  39  573    52565        1 WriteISR(0x8023)
  40  603    52565        1 WriteWaitISR(0x8020)
  41  603    52565        2 WriteWaitISR(0x8021)
  42  603    52565        1 WriteWaitISR(0x8061)
  43  668    52565        2 ReadISR(0x8021)
  44  668    52565        1 ReadISR(0x8025)
  45  711    52565        1 ReadWaitISR(0x8061)
  46  487    52565        1 WaitISR(0x21)
  47  573    52565        1 WriteISR(0x21)
   0  573    52566        2 WriteISR(0x8021)
   1  573    52566        1 WriteISR(0x8023)
   2  603    52566        1 WriteWaitISR(0x8020)
   3  603    52566        2 WriteWaitISR(0x8021)
   4  603    52566        1 WriteWaitISR(0x8061)
   5  668    52566        2 ReadISR(0x8021)
   6  668    52566        1 ReadISR(0x8025)
   7  711    52566        1 ReadWaitISR(0x8061)
   8  487    52566        1 WaitISR(0x21)
   9  573    52566        1 WriteISR(0x21)
  10  573    52566        2 WriteISR(0x8021)
  11  573    52566        1 WriteISR(0x8023)
  12  603    52566        1 WriteWaitISR(0x8020)
  13  603    52566        2 WriteWaitISR(0x8021)
  14  603    52566        1 WriteWaitISR(0x8061)
  15  668    52566        2 ReadISR(0x8021)
  16  668    52566        1 ReadISR(0x8025)
  17  711    52566        1 ReadWaitISR(0x8061)
  18  487    52566        1 WaitISR(0x21)
  19  573    52566        1 WriteISR(0x21)
  20  573    52566        2 WriteISR(0x8021)
  21  573    52566        1 WriteISR(0x8023)
  22  603    52566        1 WriteWaitISR(0x8020)
  23  603    52566        2 WriteWaitISR(0x8021)
humility: ring buffer drv_stm32xx_i2c::__RINGBUF in spd:
 NDX LINE      GEN    COUNT PAYLOAD
  44 1093    19712        1 TxBogus(0x1b)
  45 1028    19712        1 TxISR(0x378000)
  46 1110    19712        1 WaitTx
  47 1028    19712        1 TxISR(0x378000)
   0 1110    19713        1 WaitTx
   1 1028    19713        1 TxISR(0x370030)
   2  869    19713        1 AddrISR(0x370001)
   3  892    19713        1 WaitAddr
   4  869    19713        1 AddrISR(0x370001)
   5  892    19713        1 WaitAddr
   6  869    19713        1 AddrISR(0x368009)
   7  884    19713        1 AddrMatch
   8  917    19713        1 AddrNack(0x1b)
   9  932    19713        1 RxISR(0x368001)
  10 1011    19713        1 WaitRx
  11  932    19713        1 RxISR(0x368001)
  12 1011    19713        1 WaitRx
  13  932    19713        1 RxISR(0x368005)
  14  959    19713        1 RxNack(0x1b, 0x7)
  15  932    19713        1 RxISR(0x368001)
  16 1011    19713        1 WaitRx
  17  932    19713        1 RxISR(0x368001)
  18 1011    19713        1 WaitRx
  19  932    19713        1 RxISR(0x378009)
  20  993    19713        1 RepeatedStart(true)
  21 1028    19713        1 TxISR(0x378001)
  22 1110    19713        1 WaitTx
  23 1028    19713        1 TxISR(0x378003)
  24 1093    19713        1 TxBogus(0x1b)
  25 1028    19713        1 TxISR(0x378000)
  26 1110    19713        1 WaitTx
  27 1028    19713        1 TxISR(0x378003)
  28 1093    19713        1 TxBogus(0x1b)
  29 1028    19713        1 TxISR(0x378000)
  30 1110    19713        1 WaitTx
  31 1028    19713        1 TxISR(0x378000)
  32 1110    19713        1 WaitTx
  33 1028    19713        1 TxISR(0x378003)
  34 1093    19713        1 TxBogus(0x1b)
  35 1028    19713        1 TxISR(0x378000)
  36 1110    19713        1 WaitTx
  37 1028    19713        1 TxISR(0x378000)
  38 1110    19713        1 WaitTx
  39 1028    19713        1 TxISR(0x370030)
  40  869    19713        1 AddrISR(0x370001)
  41  892    19713        1 WaitAddr
  42  869    19713        1 AddrISR(0x370001)
  43  892    19713        1 WaitAddr
humility: ring buffer drv_stm32xx_i2c_server::__RINGBUF in i2c_driver:
 NDX LINE      GEN    COUNT PAYLOAD
   0  644        1        4 Wiggles(0x0)
