humility: attached to dump
humility: ring buffer RINGBUF in adt7420:
humility: ring buffer RINGBUF in max31790:
humility: ring buffer RINGBUF in ds2482:
