humility: ring buffer drv_fe310_rtc::main::__RINGBUF in rtc:
 NDX LINE      GEN    COUNT PAYLOAD
   0   40        1        1 0x1
   1   40        1        1 0x2
   2   40        1        1 0x3
   3   40        1        1 0x4
humility: ring buffer task_jefe::external::__RINGBUF in jefe:
