ID TASK                STACKBASE  STACKSIZE   MAXDEPTH     MARGIN
 0 jefe               0x20001000       1024       1024          0
 1 rcc_driver         0x20001400       1024       1024          0
 2 usart_driver       0x20001800       1024       1024          0
 3 user_leds          0x20001c00       1024       1024          0
 4 ping               0x20002000       4096       4096          0
 5 log                0x20003000       4096       4096          0
 6 pong               0x20004000       4096       4096          0
 7 idle               0x20005000        256        256          0
