system time = 4861153
ID TASK                       GEN PRI STATE    
 0 jefe                         0   0 recv, notif: bit0 bit1(T+47)
 1 net                          0   5 recv, notif: bit0(irq61) bit1(T+93)
 2 sys                          0   1 recv
 3 spi4_driver                  0   3 recv
 4 spi2_driver                  0   3 recv
 5 i2c_driver                   0   3 recv
 6 spd                          0   2 notif: bit0(irq31/irq32)
 7 thermal                      0   5 recv, notif: bit0(T+290)
 8 power                        0   6 notif: bit31(T+254)
 9 hiffy                        0   5 notif: bit31(T+109)
10 gimlet_seq                   0   4 recv, notif: bit0
11 hash_driver                  0   2 recv
12 hf                           0   3 recv
13 update_server                0   3 recv
14 sensor                       0   4 recv, notif: bit0(T+847)
15 udpecho                      0   6 notif: bit0
16 udpbroadcast                 0   6 notif: bit31(T+290)
17 udprpc                       0   6 notif: bit0
18 mgmt_gateway                 0   6 notif: bit0 bit1(irq37) bit2
19 validate                     0   5 recv
20 vpd                          0   4 recv
21 idle                         0   7 RUNNING
