     version => hubris build archive v1.0.0
     git rev => 5a793a7ccba48a60166c71d4fb46902a226e0e4b-dirty
    image id => <none>
       board => gemini-bu-1
      target => thumbv7em-none-eabihf
    features => itm
  total size => 163K
 kernel size => 21K
       tasks => 14
                ID TASK                SIZE FEATURES
                 0 jefe               10.7K itm
                 1 rcc_driver          4.9K 
                 2 gpio_driver         5.7K 
                 3 usart_driver        5.8K h743
                 4 i2c_driver         11.5K h743, itm
                 5 spd                 8.7K h743, itm
                 6 spi2_driver         8.2K spi2
                 7 spi4_driver         8.2K spi4
                 8 user_leds           5.3K stm32h7
                 9 pong                4.8K 
                10 thermal            32.8K itm
                11 power              20.2K itm
                12 hiffy              15.8K itm, i2c, gpio, spi
                13 idle                0.1K 
