     version => hubris build archive v1.0.0
     git rev => ded11f6ece2f0dd721df1bad2b77c58435025fa1-dirty
    image id => [34, 8f, 44, 6a, d4, 22, 67, 9c]
       board => gimlet-1
        name => gimlet
      target => thumbv7em-none-eabihf
    features => itm
  total size => 213K
 kernel size => 23K
       tasks => 13
                ID OBJ TASK                SIZE FEATURES
                 0   9 hiffy              43.6K h753, stm32h7, itm, i2c, gpio, spi, qspi
                 1  10 gimlet_seq         52.5K h753
                 2   3 spi4_driver        11.1K spi4, h753
                 3   4 spi2_driver        11.6K spi2, h753
                 4   5 i2c_driver         11.8K h753, itm
                 5   6 spd                19.5K h753, itm
                 6   8 power              11.5K itm, h753
                 7   1 jefe                7.0K itm
                 8   7 thermal             7.6K itm, h753
                 9  11 hf                  8.1K h753
                10  12 sensor              4.2K itm
                11   2 sys                 1.6K h753
                12  13 idle                0.1K 
   i2c buses => 4 controllers, 5 buses
                C PORT MODE NAME          DESCRIPTION
                1 B    trgt spd           SPD proxy
                2 B    init m2            M.2 bus
                2 F    init front         Front bus
                3 H    init mid           Mid bus
                4 F    init rear          Rear bus
 i2c devices => 26 devices
                 ID C  P  MUX ADDR DEVICE        DESCRIPTION
                  0  2 F  -   0x48 tmp117        Front temperature sensor (zone 1)
                  1  2 F  -   0x49 tmp117        Front temperature sensor (zone 2)
                  2  2 F  -   0x4a tmp117        Front temperature sensor (zone 3)
                  3  2 F  -   0x70 pca9545       U.2 ABCD mux
                  4  2 F  -   0x71 pca9545       U.2 EFGH mux
                  5  2 F  -   0x72 pca9545       U.2 IJ mux
                  6  2 B  -   0x73 pca9545       M.2 mux
                  7  3 H  -   0x24 tps546b24a    A2 3.3V rail
                  8  3 H  -   0x27 tps546b24a    A2 1.8V rail
                  9  3 H  -   0x29 tps546b24a    A2 5V rail
                 10  3 H  -   0x3a max5970       M.2 hot plug controller
                 11  3 H  -   0x4c sbtsi         CPU temperature sensor
                 12  3 H  -   0x58 idt8a34003    Clock generator
                 13  3 H  -   0x5a raa229618     CPU power controller
                 14  3 H  -   0x5b raa229618     SoC power controller
                 15  3 H  -   0x5c isl68224      DIMM ABCD power controller
                 16  3 H  -   0x5d isl68224      DIMM EFGH power controller
                 17  4 F  -   0x10 adm1272       Fan hot swap controller
                 18  4 F  -   0x14 adm1272       Sled hot swap controller
                 19  4 F  -   0x20 max31790      Fan controller
                 20  4 F  -   0x48 tmp117        Rear temperature sensor (zone 1)
                 21  4 F  -   0x49 tmp117        Rear temperature sensor (zone 2)
                 22  4 F  -   0x4a tmp117        Rear temperature sensor (zone 3)
                 23  4 F  -   0x4c tmp451        T6 temperature sensor
                 24  4 F  -   0x5f isl68224      T6 power controller
                 25  4 F  -   0x67 bmr491        Intermediate bus converter
     sensors => 55 sensors
                 ID NAME                    DEVICE      KIND
                  0 Southwest               i2c id=0    temp
                  1 South                   i2c id=1    temp
                  2 Southeast               i2c id=2    temp
                  3 V3P3_SP_A2              i2c id=7    temp
                  4 V3P3_SP_A2              i2c id=7    current
                  5 V3P3_SP_A2              i2c id=7    voltage
                  6 V1P8_SP3                i2c id=8    temp
                  7 V1P8_SP3                i2c id=8    current
                  8 V1P8_SP3                i2c id=8    voltage
                  9 V5_SYS_A2               i2c id=9    temp
                 10 V5_SYS_A2               i2c id=9    current
                 11 V5_SYS_A2               i2c id=9    voltage
                 12 CPU                     i2c id=11   temp
                 13 VDD_VCORE               i2c id=13   temp
                 14 VDD_MEM_ABCD            i2c id=13   temp
                 15 VDD_VCORE               i2c id=13   power
                 16 VDD_MEM_ABCD            i2c id=13   power
                 17 VDD_VCORE               i2c id=13   current
                 18 VDD_MEM_ABCD            i2c id=13   current
                 19 VDD_VCORE               i2c id=13   voltage
                 20 VDD_MEM_ABCD            i2c id=13   voltage
                 21 VDDCR_SOC               i2c id=14   temp
                 22 VDD_MEM_EFGH            i2c id=14   temp
                 23 VDDCR_SOC               i2c id=14   power
                 24 VDD_MEM_EFGH            i2c id=14   power
                 25 VDDCR_SOC               i2c id=14   current
                 26 VDD_MEM_EFGH            i2c id=14   current
                 27 VDDCR_SOC               i2c id=14   voltage
                 28 VDD_MEM_EFGH            i2c id=14   voltage
                 29 VPP_ABCD                i2c id=15   current
                 30 V3P3_SYS                i2c id=15   current
                 31 VPP_ABCD                i2c id=15   voltage
                 32 V3P3_SYS                i2c id=15   voltage
                 33 VPP_EFGH                i2c id=16   current
                 34 VPP_EFGH                i2c id=16   voltage
                 35 V54_FAN                 i2c id=17   temp
                 36 V54_FAN                 i2c id=17   current
                 37 V54_FAN                 i2c id=17   voltage
                 38 V54_HS_OUTPUT           i2c id=18   temp
                 39 V54_HS_OUTPUT           i2c id=18   current
                 40 V54_HS_OUTPUT           i2c id=18   voltage
                 41 max31790                i2c id=19   speed
                 42 max31790#1              i2c id=19   speed
                 43 max31790#2              i2c id=19   speed
                 44 max31790#3              i2c id=19   speed
                 45 max31790#4              i2c id=19   speed
                 46 max31790#5              i2c id=19   speed
                 47 Northeast               i2c id=20   temp
                 48 North                   i2c id=21   temp
                 49 Northwest               i2c id=22   temp
                 50 tmp451                  i2c id=23   temp
                 51 V12_SYS_A2              i2c id=25   temp
                 52 V12_SYS_A2              i2c id=25   power
                 53 V12_SYS_A2              i2c id=25   current
                 54 V12_SYS_A2              i2c id=25   voltage
