        SIZE NAME
         405 README.TXT
          40 git-rev
        4810 app.toml
      184428 elf/task/jefe
      195976 elf/task/rcc_driver
      208392 elf/task/gpio_driver
      208268 elf/task/usart_driver
      287260 elf/task/i2c_driver
      288764 elf/task/spi_driver
      122292 elf/task/user_leds
       95804 elf/task/ping
       92896 elf/task/pong
      290732 elf/task/hiffy
       16636 elf/task/idle
      515532 elf/kernel
        1221 info/allocations.txt
        2113 info/map.txt
      222579 img/combined.srec
      108620 img/combined.elf
      303675 img/combined.ihex
      163928 img/combined.bin
