        SIZE NAME
         462 README.TXT
          40 git-rev
           7 image-name
       28707 app.toml
        1992 chip.toml
         797 memory.toml
      361192 elf/task/jefe
     1691984 elf/task/net
      234940 elf/task/sys
      466720 elf/task/spi2_driver
      363436 elf/task/i2c_driver
      442000 elf/task/spd
      312736 elf/task/packrat
     1462960 elf/task/thermal
     1585060 elf/task/power
      514792 elf/task/hiffy
     1553564 elf/task/gimlet_seq
      347848 elf/task/gimlet_inspector
      305948 elf/task/hash_driver
      376852 elf/task/hf
      397592 elf/task/update_server
      235948 elf/task/sensor
     2002208 elf/task/host_sp_comms
      331264 elf/task/udpecho
      303468 elf/task/udpbroadcast
     2219792 elf/task/control_plane_agent
     1193372 elf/task/sprot
     1145216 elf/task/validate
     1109556 elf/task/vpd
       84260 elf/task/user_leds
      637440 elf/task/dump_agent
     1097900 elf/task/sbrmi
       29308 elf/task/idle
      353864 elf/task/udprpc
      589012 elf/kernel
        1898 img/flash.ron
        1631 debug/script.gdb
        1586 debug/openocd.cfg
         235 debug/openocd.gdb
       89847 task/gimlet_seq/gimlet-regs-b.json
      631040 img/final.bin
      631264 img/final.elf
          65 img/final.fwid
