        SIZE NAME
         405 README.TXT
          46 git-rev
        3761 app.toml
      187768 elf/task/jefe
      211628 elf/task/rcc_driver
      189596 elf/task/gpio_driver
      192640 elf/task/usart_driver
      253552 elf/task/i2c_driver
      232776 elf/task/i2c_target
       98704 elf/task/user_leds
       81916 elf/task/pong
      181760 elf/task/i2c_debug
      127616 elf/task/adt7420
       17608 elf/task/idle
      435972 elf/kernel
        1228 info/allocations.txt
        1774 info/map.txt
      208470 img/combined.srec
      101768 img/combined.elf
      284394 img/combined.ihex
      180308 img/combined.bin
