        SIZE NAME
         405 README.TXT
          46 git-rev
        4202 app.toml
      203284 elf/task/jefe
      220900 elf/task/rcc_driver
      199376 elf/task/gpio_driver
      194812 elf/task/usart_driver
      291924 elf/task/i2c_driver
      242244 elf/task/spd
      217824 elf/task/spi_driver
       37224 elf/task/spi
       98668 elf/task/user_leds
       83324 elf/task/pong
       82292 elf/task/i2c_debug
      303672 elf/task/thermal
       16912 elf/task/idle
      449012 elf/kernel
        1424 info/allocations.txt
        2086 info/map.txt
      262068 img/combined.srec
      127864 img/combined.elf
      357600 img/combined.ihex
      262232 img/combined.bin
