version:   1 (inferred)
cause:     IPCC_PANIC_CALL
error:     0
cpuid:     52
thread:    0xfffff7881054ec20
addr:      0x0
pc:        0xfffffffff81ec821
fp:        0xfffff788105a5c90
rp:        0x0
message:   dtrace: panic action at probe profile:::tick-1sec (ecb fffffcfa4c6cd6f0)
stack:
           dtrace_action_panic+0x81                         (0xfffffffff81ec821)
           dtrace_probe+0x84c                               (0xfffffffff81ed7cc)
           profile_tick+0x3c                                (0xfffffffff81c360c)
           cyclic_expire+0xc8                               (0xfffffffffc03dc48)
           cyclic_fire+0x74                                 (0xfffffffffc03dcd4)
           cbe_fire+0x3c                                    (0xfffffffffbc0c94c)
           apix_dispatch_by_vector+0x8c                     (0xfffffffff7c9cd1c)
           apix_dispatch_hilevel+0x15                       (0xfffffffff7c9cd65)
           switch_sp_and_call+0x15                          (0xfffffffffbc828f5)
           apix_do_interrupt+0x3d4                          (0xfffffffff7c9d184)
           cmnint+0xc3                                      (0xfffffffffbc00233)
           i86_mwait+0x12                                   (0xfffffffffbc82072)
           cpu_idle_mwait+0x14b                             (0xfffffffffbc523cb)
           cpu_idle_adaptive+0x19                           (0xfffffffffbc51fe9)
           idle+0xa8                                        (0xfffffffffbc97d28)
           thread_start+0xb                                 (0xfffffffffbc8497b)
