kern::arch::arm_m::TICKS (0x240016f8) = [
    AtomicU32 {
        v: UnsafeCell<u32> {
            value: 0x21c9e
        }
    },
    AtomicU32 {
        v: UnsafeCell<u32> {
            value: 0x0
        }
    }
]
