humility: attached to dump
humility: ringbuf dump failed: loading value of type struct UnsafeCell<ringbuf::Ringbuf<task_validate::Trace, 64>> at address 0x0
